ASxxxx Linker V03.00 + NoICE + sdld,  page 1.
Hexadecimal  [32-Bits]

Area                       Addr        Size        Decimal Bytes (Attributes)
--------------------       ----        ----        ------- ----- ------------
.  .ABS.               00000000    00000000 =           0. bytes (ABS,CON)

        Value  Global            Value  Global            Value  Global    
        -----  ------            -----  ------            -----  ------    
     00000000  .__.ABS.  |    00000000  _rRAMG    |    00000000  l__BASE  
     00000000  l__BSS    |    00000000  l__CABS   |    00000000  l__CODE_0
     00000000  l__DABS   |    00000000  l__FONT_H |    00000000  l__HEADER
     00000000  l__HEADER |    00000000  l__HEAP   |    00000000  l__HRAM  
     00000000  l__LIT    |    00000000  s__CABS   |    00000000  s__DABS  
     00000000  s__FONT_H |    00000000  s__FONT_H |    00000000  s__HEADER
     00000000  s__HEADER |    00000000  s__HEADER |    00000000  s__HEADER
     00000000  s__HEADER |    00000000  s__HEADER |    00000000  s__HEADER
     00000000  s__HEADER |    00000000  s__HEADER |    00000000  s__HEADER
     00000000  s__HEADER |    00000000  s__HEADER |    00000000  s__HEADER
     00000000  s__HEADER |    00000000  s__HEADER |    00000000  s__HEADER
     00000000  s__HEADER |    00000000  s__HEADER |    00000000  s__HEADER
     00000000  s__HEADER |    00000000  s__HEADER |    00000000  s__HRAM  
     00000000  s__HRAM12 |    00000001  ___bank_g |    00000001  ___bank_g
     00000001  ___bank_g |    00000001  ___bank_g |    00000001  ___bank_g
     00000001  ___bank_g |    00000001  ___bank_g |    00000001  ___bank_g
     00000001  ___bank_g |    00000001  ___bank_g |    00000001  ___bank_g
     00000001  ___bank_g |    00000001  ___bank_g |    00000001  ___bank_g
     00000001  ___bank_g |    00000001  ___bank_g |    00000001  ___bank_g
     00000001  ___bank_g |    00000001  ___bank_g |    00000001  ___bank_g
     00000001  ___bank_g |    00000001  ___bank_g |    00000001  ___bank_g
     00000001  ___bank_g |    00000001  ___bank_g |    00000001  ___bank_g
     00000001  ___bank_g |    00000001  ___bank_g |    00000001  ___bank_g
     00000001  ___bank_g |    00000001  ___bank_g |    00000001  ___bank_g
     00000001  ___bank_g |    00000001  l__GSFINA |    00000001  l__HEADER
     00000001  l__HEADER |    00000001  l__HEADER |    00000001  l__HEADER
     00000001  l__HEADER |    00000001  l__HEADER |    00000001  l__HEADER
     00000002  ___bank_g |    00000002  ___bank_g |    00000002  ___bank_g
     00000002  ___bank_g |    00000002  ___bank_g |    00000002  ___bank_g
     00000002  ___bank_g |    00000002  ___bank_g |    00000002  ___bank_g
     00000002  ___bank_g |    00000002  ___bank_g |    00000002  ___bank_g
     00000002  ___bank_g |    00000002  ___bank_g |    00000002  ___bank_g
     00000002  ___bank_g |    00000002  ___bank_g |    00000002  ___bank_g
     00000002  ___bank_g |    00000002  ___bank_g |    00000002  ___bank_g
     00000002  ___bank_g |    00000002  ___bank_g |    00000002  ___bank_g
     00000002  ___bank_g |    00000002  ___bank_g |    00000002  ___bank_g
     00000002  ___bank_g |    00000002  ___bank_g |    00000002  ___bank_g
     00000002  l__HEADER |    00000002  l__HEADER |    00000002  l__HEADER
     00000003  ___bank_g |    00000003  ___bank_g |    00000003  ___bank_g
     00000003  ___bank_g |    00000003  ___bank_g |    00000003  ___bank_g
     00000003  ___bank_g |    00000003  ___bank_g |    00000003  ___bank_g
     00000003  ___bank_g |    00000003  ___bank_g |    00000003  ___bank_g
     00000003  ___bank_g |    00000003  ___bank_g |    00000003  ___bank_g
     00000003  ___bank_g |    00000003  ___bank_g |    00000003  ___bank_g
     00000003  ___bank_g |    00000003  ___bank_g |    00000003  ___bank_g
     00000003  ___bank_g |    00000003  ___bank_g |    00000003  ___bank_g
     00000003  ___bank_g |    00000003  ___bank_g |    00000003  ___bank_g
     00000003  ___bank_g |    00000003  ___bank_g |    00000003  ___bank_g
     00000003  l__FONT_H |    00000003  l__HEADER |    00000003  l__HEADER
     00000003  l__HRAM12 |    00000004  ___bank_g |    00000004  ___bank_g
ASxxxx Linker V03.00 + NoICE + sdld,  page 2.
Hexadecimal  [32-Bits]

Area                       Addr        Size        Decimal Bytes (Attributes)
--------------------       ----        ----        ------- ----- ------------
.  .ABS.               00000000    00000000 =           0. bytes (ABS,CON)

        Value  Global            Value  Global            Value  Global    
        -----  ------            -----  ------            -----  ------    
     00000004  ___bank_g |    00000004  ___bank_g |    00000004  ___bank_g
     00000004  ___bank_g |    00000004  ___bank_g |    00000004  ___bank_g
     00000004  ___bank_g |    00000004  ___bank_g |    00000004  ___bank_g
     00000004  ___bank_g |    00000004  ___bank_g |    00000004  ___bank_g
     00000004  ___bank_g |    00000004  ___bank_g |    00000004  ___bank_g
     00000004  ___bank_g |    00000004  ___bank_g |    00000004  ___bank_g
     00000004  ___bank_g |    00000004  ___bank_g |    00000004  ___bank_g
     00000004  ___bank_g |    00000004  ___bank_g |    00000004  ___bank_g
     00000004  ___bank_g |    00000004  ___bank_g |    00000004  ___bank_g
     00000004  ___bank_g |    00000005  ___bank_g |    00000005  ___bank_g
     00000005  ___bank_g |    00000005  ___bank_g |    00000005  ___bank_g
     00000005  ___bank_g |    00000005  ___bank_g |    00000005  ___bank_g
     00000005  ___bank_g |    00000005  ___bank_g |    00000005  ___bank_g
     00000005  ___bank_g |    00000005  ___bank_g |    00000005  ___bank_g
     00000005  ___bank_g |    00000005  ___bank_g |    00000005  ___bank_g
     00000005  ___bank_g |    00000005  ___bank_g |    00000005  ___bank_g
     00000005  ___bank_g |    00000005  ___bank_g |    00000005  ___bank_g
     00000005  ___bank_g |    00000005  ___bank_g |    00000005  ___bank_g
     00000005  ___bank_g |    00000005  ___bank_g |    00000005  ___bank_g
     00000005  ___bank_g |    00000005  l__HEADER |    00000006  ___bank_g
     00000006  ___bank_g |    00000006  ___bank_g |    00000006  ___bank_g
     00000006  ___bank_g |    00000006  ___bank_g |    00000006  ___bank_g
     00000006  ___bank_g |    00000006  ___bank_g |    00000006  ___bank_g
     00000006  ___bank_g |    00000006  ___bank_g |    00000006  ___bank_g
     00000006  ___bank_g |    00000006  ___bank_g |    00000006  ___bank_g
     00000006  ___bank_g |    00000006  ___bank_g |    00000006  ___bank_g
     00000006  ___bank_g |    00000006  ___bank_g |    00000006  ___bank_g
     00000006  ___bank_g |    00000006  ___bank_g |    00000006  ___bank_g
     00000006  ___bank_g |    00000006  ___bank_g |    00000006  ___bank_g
     00000006  ___bank_g |    00000006  ___bank_g |    00000006  l__HEADER
     00000006  l__INITIA |    00000006  l__INITIA |    00000007  ___bank_g
     00000007  ___bank_g |    00000007  ___bank_g |    00000007  ___bank_g
     00000007  ___bank_g |    00000007  ___bank_g |    00000007  ___bank_g
     00000007  ___bank_g |    00000007  ___bank_g |    00000007  ___bank_g
     00000007  ___bank_g |    00000007  ___bank_g |    00000007  ___bank_g
     00000007  ___bank_g |    00000007  ___bank_g |    00000007  ___bank_g
     00000007  ___bank_g |    00000007  ___bank_g |    00000007  ___bank_g
     00000007  ___bank_g |    00000007  ___bank_g |    00000007  ___bank_g
     00000007  ___bank_g |    00000007  ___bank_g |    00000007  ___bank_g
     00000007  ___bank_g |    00000007  ___bank_g |    00000007  ___bank_g
     00000007  ___bank_g |    00000007  ___bank_g |    00000007  l__HEADER
     00000008  ___bank_g |    00000008  ___bank_g |    00000008  ___bank_g
     00000008  ___bank_g |    00000008  ___bank_g |    00000008  ___bank_g
     00000008  ___bank_g |    00000008  ___bank_g |    00000008  ___bank_g
     00000008  ___bank_g |    00000008  ___bank_g |    00000008  ___bank_g
     00000008  ___bank_g |    00000008  ___bank_g |    00000008  ___bank_g
     00000008  ___bank_g |    00000008  ___bank_g |    00000008  ___bank_g
     00000008  ___bank_g |    00000008  ___bank_g |    00000008  ___bank_g
     00000008  ___bank_g |    00000008  ___bank_g |    00000008  ___bank_g
     00000008  ___bank_g |    00000008  ___bank_g |    00000008  ___bank_g
     00000008  ___bank_g |    00000008  ___bank_g |    00000008  ___bank_g
ASxxxx Linker V03.00 + NoICE + sdld,  page 3.
Hexadecimal  [32-Bits]

Area                       Addr        Size        Decimal Bytes (Attributes)
--------------------       ----        ----        ------- ----- ------------
.  .ABS.               00000000    00000000 =           0. bytes (ABS,CON)

        Value  Global            Value  Global            Value  Global    
        -----  ------            -----  ------            -----  ------    
     00000008  l__HEADER |    00000009  ___bank_g |    00000009  ___bank_g
     00000009  ___bank_g |    00000009  ___bank_g |    00000009  ___bank_g
     00000009  ___bank_g |    00000009  ___bank_g |    00000009  ___bank_g
     00000009  ___bank_g |    00000009  ___bank_g |    00000009  ___bank_g
     00000009  ___bank_g |    00000009  ___bank_g |    00000009  ___bank_g
     00000009  ___bank_g |    00000009  ___bank_g |    00000009  ___bank_g
     00000009  ___bank_g |    00000009  ___bank_g |    00000009  ___bank_g
     00000009  ___bank_g |    00000009  ___bank_g |    00000009  ___bank_g
     00000009  ___bank_g |    00000009  ___bank_g |    00000009  ___bank_g
     00000009  ___bank_g |    00000009  ___bank_g |    00000009  ___bank_g
     00000009  ___bank_g |    0000000A  ___bank_g |    0000000A  ___bank_g
     0000000A  ___bank_g |    0000000A  ___bank_g |    0000000A  ___bank_g
     0000000A  ___bank_g |    0000000A  ___bank_g |    0000000A  ___bank_g
     0000000A  ___bank_g |    0000000A  ___bank_g |    0000000A  ___bank_g
     0000000A  ___bank_g |    0000000A  ___bank_g |    0000000A  ___bank_g
     0000000A  ___bank_g |    0000000A  ___bank_g |    0000000A  ___bank_g
     0000000A  ___bank_g |    0000000A  ___bank_g |    0000000A  ___bank_g
     0000000A  ___bank_g |    0000000A  ___bank_g |    0000000A  ___bank_g
     0000000A  ___bank_g |    0000000A  ___bank_g |    0000000A  ___bank_g
     0000000A  ___bank_g |    0000000A  ___bank_g |    0000000A  ___bank_g
     0000000A  ___bank_g |    0000000B  ___bank_g |    0000000B  ___bank_g
     0000000B  ___bank_g |    0000000B  ___bank_g |    0000000B  ___bank_g
     0000000B  ___bank_g |    0000000B  ___bank_g |    0000000B  ___bank_g
     0000000B  ___bank_g |    0000000B  ___bank_g |    0000000B  ___bank_g
     0000000B  ___bank_g |    0000000B  ___bank_g |    0000000B  ___bank_g
     0000000B  ___bank_g |    0000000B  ___bank_g |    0000000B  ___bank_g
     0000000B  ___bank_g |    0000000B  ___bank_g |    0000000B  ___bank_g
     0000000B  ___bank_g |    0000000B  ___bank_g |    0000000B  ___bank_g
     0000000B  ___bank_g |    0000000B  ___bank_g |    0000000B  ___bank_g
     0000000B  ___bank_g |    0000000B  ___bank_g |    0000000B  ___bank_g
     0000000B  ___bank_g |    0000000C  ___bank_g |    0000000C  ___bank_g
     0000000C  ___bank_g |    0000000C  ___bank_g |    0000000C  ___bank_g
     0000000C  ___bank_g |    0000000C  ___bank_g |    0000000C  ___bank_g
     0000000C  ___bank_g |    0000000C  ___bank_g |    0000000C  ___bank_g
     0000000C  ___bank_g |    0000000C  ___bank_g |    0000000C  ___bank_g
     0000000C  ___bank_g |    0000000C  ___bank_g |    0000000C  ___bank_g
     0000000C  ___bank_g |    0000000C  ___bank_g |    0000000C  ___bank_g
     0000000C  ___bank_g |    0000000C  ___bank_g |    0000000C  ___bank_g
     0000000C  ___bank_g |    0000000C  ___bank_g |    0000000C  ___bank_g
     0000000C  ___bank_g |    0000000C  ___bank_g |    0000000C  ___bank_g
     0000000C  ___bank_g |    0000000C  l__GSINIT |    0000000D  ___bank_g
     0000000D  ___bank_g |    0000000D  ___bank_g |    0000000D  ___bank_g
     0000000D  ___bank_g |    0000000D  ___bank_g |    0000000D  ___bank_g
     0000000D  ___bank_g |    0000000D  ___bank_g |    0000000D  ___bank_g
     0000000D  ___bank_g |    0000000D  ___bank_g |    0000000D  ___bank_g
     0000000D  ___bank_g |    0000000D  ___bank_g |    0000000D  ___bank_g
     0000000D  ___bank_g |    0000000D  ___bank_g |    0000000D  ___bank_g
     0000000D  ___bank_g |    0000000D  ___bank_g |    0000000D  ___bank_g
     0000000D  ___bank_g |    0000000D  ___bank_g |    0000000D  ___bank_g
     0000000D  ___bank_g |    0000000D  ___bank_g |    0000000D  ___bank_g
     0000000D  ___bank_g |    0000000D  ___bank_g |    0000000E  ___bank_g
ASxxxx Linker V03.00 + NoICE + sdld,  page 4.
Hexadecimal  [32-Bits]

Area                       Addr        Size        Decimal Bytes (Attributes)
--------------------       ----        ----        ------- ----- ------------
.  .ABS.               00000000    00000000 =           0. bytes (ABS,CON)

        Value  Global            Value  Global            Value  Global    
        -----  ------            -----  ------            -----  ------    
     0000000E  ___bank_g |    0000000E  ___bank_g |    0000000E  ___bank_g
     0000000E  ___bank_g |    0000000E  ___bank_g |    0000000E  ___bank_g
     0000000E  ___bank_g |    0000000E  ___bank_g |    0000000E  ___bank_g
     0000000E  ___bank_g |    0000000E  ___bank_g |    0000000E  ___bank_g
     0000000E  ___bank_g |    0000000E  ___bank_g |    0000000E  ___bank_g
     0000000E  ___bank_g |    0000000E  ___bank_g |    0000000E  ___bank_g
     0000000E  ___bank_g |    0000000E  ___bank_g |    0000000E  ___bank_g
     0000000E  ___bank_g |    0000000E  ___bank_g |    0000000E  ___bank_g
     0000000E  ___bank_g |    0000000E  ___bank_g |    0000000E  ___bank_g
     0000000E  ___bank_g |    0000000E  ___bank_g |    0000000F  ___bank_g
     0000000F  ___bank_g |    0000000F  ___bank_g |    0000000F  ___bank_g
     0000000F  ___bank_g |    0000000F  ___bank_g |    0000000F  ___bank_g
     0000000F  ___bank_g |    0000000F  ___bank_g |    0000000F  ___bank_g
     0000000F  ___bank_g |    0000000F  ___bank_g |    0000000F  ___bank_g
     0000000F  ___bank_g |    0000000F  ___bank_g |    0000000F  ___bank_g
     0000000F  ___bank_g |    0000000F  ___bank_g |    0000000F  ___bank_g
     0000000F  ___bank_g |    0000000F  ___bank_g |    0000000F  ___bank_g
     0000000F  ___bank_g |    0000000F  ___bank_g |    0000000F  ___bank_g
     0000000F  ___bank_g |    0000000F  ___bank_g |    0000000F  ___bank_g
     0000000F  ___bank_g |    0000000F  ___bank_g |    00000010  ___bank_g
     00000010  ___bank_g |    00000010  ___bank_g |    00000010  ___bank_g
     00000010  ___bank_g |    00000010  ___bank_g |    00000010  ___bank_g
     00000010  ___bank_g |    00000010  ___bank_g |    00000010  ___bank_g
     00000010  ___bank_g |    00000010  ___bank_g |    00000010  ___bank_g
     00000010  ___bank_g |    00000010  ___bank_g |    00000010  ___bank_g
     00000010  ___bank_g |    00000010  ___bank_g |    00000010  ___bank_g
     00000010  ___bank_g |    00000010  ___bank_g |    00000010  ___bank_g
     00000010  ___bank_g |    00000010  ___bank_g |    00000010  ___bank_g
     00000010  ___bank_g |    00000010  ___bank_g |    00000010  ___bank_g
     00000010  ___bank_g |    00000010  ___bank_g |    00000011  ___bank_g
     00000011  ___bank_g |    00000011  ___bank_g |    00000011  ___bank_g
     00000011  ___bank_g |    00000011  ___bank_g |    00000011  ___bank_g
     00000011  ___bank_g |    00000011  ___bank_g |    00000011  ___bank_g
     00000011  ___bank_g |    00000011  ___bank_g |    00000011  ___bank_g
     00000011  ___bank_g |    00000011  ___bank_g |    00000011  ___bank_g
     00000011  ___bank_g |    00000011  ___bank_g |    00000011  ___bank_g
     00000011  ___bank_g |    00000011  ___bank_g |    00000011  ___bank_g
     00000011  ___bank_g |    00000011  ___bank_g |    00000011  ___bank_g
     00000011  ___bank_g |    00000011  ___bank_g |    00000011  ___bank_g
     00000011  ___bank_g |    00000011  ___bank_g |    00000012  ___bank_g
     00000012  ___bank_g |    00000012  ___bank_g |    00000012  ___bank_g
     00000012  ___bank_g |    00000012  ___bank_g |    00000012  ___bank_g
     00000012  ___bank_g |    00000012  ___bank_g |    00000012  ___bank_g
     00000012  ___bank_g |    00000012  ___bank_g |    00000012  ___bank_g
     00000012  ___bank_g |    00000012  ___bank_g |    00000012  ___bank_g
     00000012  ___bank_g |    00000012  ___bank_g |    00000012  ___bank_g
     00000012  ___bank_g |    00000012  ___bank_g |    00000012  ___bank_g
     00000012  ___bank_g |    00000012  ___bank_g |    00000012  ___bank_g
     00000012  ___bank_g |    00000012  ___bank_g |    00000012  ___bank_g
     00000012  ___bank_g |    00000013  ___bank_g |    00000013  ___bank_g
     00000013  ___bank_g |    00000013  ___bank_g |    00000013  ___bank_g
ASxxxx Linker V03.00 + NoICE + sdld,  page 5.
Hexadecimal  [32-Bits]

Area                       Addr        Size        Decimal Bytes (Attributes)
--------------------       ----        ----        ------- ----- ------------
.  .ABS.               00000000    00000000 =           0. bytes (ABS,CON)

        Value  Global            Value  Global            Value  Global    
        -----  ------            -----  ------            -----  ------    
     00000013  ___bank_g |    00000013  ___bank_g |    00000013  ___bank_g
     00000013  ___bank_g |    00000013  ___bank_g |    00000013  ___bank_g
     00000013  ___bank_g |    00000013  ___bank_g |    00000013  ___bank_g
     00000013  ___bank_g |    00000013  ___bank_g |    00000013  ___bank_g
     00000013  ___bank_g |    00000013  ___bank_g |    00000013  ___bank_g
     00000013  ___bank_g |    00000013  ___bank_g |    00000013  ___bank_g
     00000013  ___bank_g |    00000013  ___bank_g |    00000013  ___bank_g
     00000013  ___bank_g |    00000013  ___bank_g |    00000013  ___bank_g
     00000014  ___bank_g |    00000014  ___bank_g |    00000014  ___bank_g
     00000014  ___bank_g |    00000014  ___bank_g |    00000014  ___bank_g
     00000014  ___bank_g |    00000014  ___bank_g |    00000014  ___bank_g
     00000014  ___bank_g |    00000014  ___bank_g |    00000014  ___bank_g
     00000014  ___bank_g |    00000014  ___bank_g |    00000014  ___bank_g
     00000014  ___bank_g |    00000014  ___bank_g |    00000014  ___bank_g
     00000014  ___bank_g |    00000014  ___bank_g |    00000014  ___bank_g
     00000014  ___bank_g |    00000014  ___bank_g |    00000014  ___bank_g
     00000014  ___bank_g |    00000014  ___bank_g |    00000014  ___bank_g
     00000014  ___bank_g |    00000014  ___bank_g |    00000015  ___bank_g
     00000015  ___bank_g |    00000015  ___bank_g |    00000015  ___bank_g
     00000015  ___bank_g |    00000015  ___bank_g |    00000015  ___bank_g
     00000015  ___bank_g |    00000015  ___bank_g |    00000015  ___bank_g
     00000015  ___bank_g |    00000015  ___bank_g |    00000015  ___bank_g
     00000015  ___bank_g |    00000015  ___bank_g |    00000015  ___bank_g
     00000015  ___bank_g |    00000015  ___bank_g |    00000015  ___bank_g
     00000015  ___bank_g |    00000015  ___bank_g |    00000015  ___bank_g
     00000015  ___bank_g |    00000015  ___bank_g |    00000015  ___bank_g
     00000015  ___bank_g |    00000015  ___bank_g |    00000015  ___bank_g
     00000015  ___bank_g |    00000016  ___bank_g |    00000016  ___bank_g
     00000016  ___bank_g |    00000016  ___bank_g |    00000016  ___bank_g
     00000016  ___bank_g |    00000016  ___bank_g |    00000016  ___bank_g
     00000016  ___bank_g |    00000016  ___bank_g |    00000016  ___bank_g
     00000016  ___bank_g |    00000016  ___bank_g |    00000016  ___bank_g
     00000016  ___bank_g |    00000016  ___bank_g |    00000016  ___bank_g
     00000016  ___bank_g |    00000016  ___bank_g |    00000016  ___bank_g
     00000016  ___bank_g |    00000016  ___bank_g |    00000016  ___bank_g
     00000016  ___bank_g |    00000016  ___bank_g |    00000016  ___bank_g
     00000016  ___bank_g |    00000016  ___bank_g |    00000016  ___bank_g
     00000017  ___bank_g |    00000017  ___bank_g |    00000017  ___bank_g
     00000017  ___bank_g |    00000017  ___bank_g |    00000017  ___bank_g
     00000017  ___bank_g |    00000017  ___bank_g |    00000017  ___bank_g
     00000017  ___bank_g |    00000017  ___bank_g |    00000017  ___bank_g
     00000017  ___bank_g |    00000017  ___bank_g |    00000017  ___bank_g
     00000017  ___bank_g |    00000017  ___bank_g |    00000017  ___bank_g
     00000017  ___bank_g |    00000017  ___bank_g |    00000017  ___bank_g
     00000017  ___bank_g |    00000017  ___bank_g |    00000017  ___bank_g
     00000017  ___bank_g |    00000017  ___bank_g |    00000017  ___bank_g
     00000017  ___bank_g |    00000017  ___bank_g |    00000018  ___bank_g
     00000018  ___bank_g |    00000018  ___bank_g |    00000018  ___bank_g
     00000018  ___bank_g |    00000018  ___bank_g |    00000018  ___bank_g
     00000018  ___bank_g |    00000018  ___bank_g |    00000018  ___bank_g
     00000018  ___bank_g |    00000018  ___bank_g |    00000018  ___bank_g
ASxxxx Linker V03.00 + NoICE + sdld,  page 6.
Hexadecimal  [32-Bits]

Area                       Addr        Size        Decimal Bytes (Attributes)
--------------------       ----        ----        ------- ----- ------------
.  .ABS.               00000000    00000000 =           0. bytes (ABS,CON)

        Value  Global            Value  Global            Value  Global    
        -----  ------            -----  ------            -----  ------    
     00000018  ___bank_g |    00000018  ___bank_g |    00000018  ___bank_g
     00000018  ___bank_g |    00000018  ___bank_g |    00000018  ___bank_g
     00000018  ___bank_g |    00000018  ___bank_g |    00000018  ___bank_g
     00000018  ___bank_g |    00000018  ___bank_g |    00000018  ___bank_g
     00000018  ___bank_g |    00000018  ___bank_g |    00000018  ___bank_g
     00000018  ___bank_g |    00000019  ___bank_g |    00000019  ___bank_g
     00000019  ___bank_g |    00000019  ___bank_g |    00000019  ___bank_g
     00000019  ___bank_g |    00000019  ___bank_g |    00000019  ___bank_g
     00000019  ___bank_g |    00000019  ___bank_g |    00000019  ___bank_g
     00000019  ___bank_g |    00000019  ___bank_g |    00000019  ___bank_g
     00000019  ___bank_g |    00000019  ___bank_g |    00000019  ___bank_g
     00000019  ___bank_g |    00000019  ___bank_g |    00000019  ___bank_g
     00000019  ___bank_g |    00000019  ___bank_g |    00000019  ___bank_g
     00000019  ___bank_g |    00000019  ___bank_g |    00000019  ___bank_g
     00000019  ___bank_g |    00000019  ___bank_g |    00000019  ___bank_g
     0000001A  ___bank_g |    0000001A  ___bank_g |    0000001A  ___bank_g
     0000001A  ___bank_g |    0000001A  ___bank_g |    0000001A  ___bank_g
     0000001A  ___bank_g |    0000001A  ___bank_g |    0000001A  ___bank_g
     0000001A  ___bank_g |    0000001A  ___bank_g |    0000001A  ___bank_g
     0000001A  ___bank_g |    0000001A  ___bank_g |    0000001A  ___bank_g
     0000001A  ___bank_g |    0000001A  ___bank_g |    0000001A  ___bank_g
     0000001A  ___bank_g |    0000001A  ___bank_g |    0000001A  ___bank_g
     0000001A  ___bank_g |    0000001A  ___bank_g |    0000001A  ___bank_g
     0000001A  ___bank_g |    0000001A  ___bank_g |    0000001A  ___bank_g
     0000001A  ___bank_g |    0000001A  ___bank_g |    0000001B  ___bank_g
     0000001B  ___bank_g |    0000001B  ___bank_g |    0000001B  ___bank_g
     0000001B  ___bank_g |    0000001B  ___bank_g |    0000001B  ___bank_g
     0000001B  ___bank_g |    0000001B  ___bank_g |    0000001B  ___bank_g
     0000001B  ___bank_g |    0000001B  ___bank_g |    0000001B  ___bank_g
     0000001B  ___bank_g |    0000001B  ___bank_g |    0000001B  ___bank_g
     0000001B  ___bank_g |    0000001B  ___bank_g |    0000001B  ___bank_g
     0000001B  ___bank_g |    0000001B  ___bank_g |    0000001B  ___bank_g
     0000001B  ___bank_g |    0000001B  ___bank_g |    0000001B  ___bank_g
     0000001B  ___bank_g |    0000001B  ___bank_g |    0000001B  ___bank_g
     0000001B  ___bank_g |    0000001C  ___bank_g |    0000001C  ___bank_g
     0000001C  ___bank_g |    0000001C  ___bank_g |    0000001C  ___bank_g
     0000001C  ___bank_g |    0000001C  ___bank_g |    0000001C  ___bank_g
     0000001C  ___bank_g |    0000001C  ___bank_g |    0000001C  ___bank_g
     0000001C  ___bank_g |    0000001C  ___bank_g |    0000001C  ___bank_g
     0000001C  ___bank_g |    0000001C  ___bank_g |    0000001C  ___bank_g
     0000001C  ___bank_g |    0000001C  ___bank_g |    0000001C  ___bank_g
     0000001C  ___bank_g |    0000001C  ___bank_g |    0000001C  ___bank_g
     0000001C  ___bank_g |    0000001C  ___bank_g |    0000001C  ___bank_g
     0000001C  ___bank_g |    0000001C  ___bank_g |    0000001C  ___bank_g
     0000001D  ___bank_g |    0000001D  ___bank_g |    0000001D  ___bank_g
     0000001D  ___bank_g |    0000001D  ___bank_g |    0000001D  ___bank_g
     0000001D  ___bank_g |    0000001D  ___bank_g |    0000001D  ___bank_g
     0000001D  ___bank_g |    0000001D  ___bank_g |    0000001D  ___bank_g
     0000001D  ___bank_g |    0000001D  ___bank_g |    0000001D  ___bank_g
     0000001D  ___bank_g |    0000001D  ___bank_g |    0000001D  ___bank_g
     0000001D  ___bank_g |    0000001D  ___bank_g |    0000001D  ___bank_g
ASxxxx Linker V03.00 + NoICE + sdld,  page 7.
Hexadecimal  [32-Bits]

Area                       Addr        Size        Decimal Bytes (Attributes)
--------------------       ----        ----        ------- ----- ------------
.  .ABS.               00000000    00000000 =           0. bytes (ABS,CON)

        Value  Global            Value  Global            Value  Global    
        -----  ------            -----  ------            -----  ------    
     0000001D  ___bank_g |    0000001D  ___bank_g |    0000001D  ___bank_g
     0000001D  ___bank_g |    0000001D  ___bank_g |    0000001D  ___bank_g
     0000001D  ___bank_g |    0000001D  ___bank_g |    0000001E  ___bank_g
     0000001E  ___bank_g |    0000001E  ___bank_g |    0000001E  ___bank_g
     0000001E  ___bank_g |    0000001E  ___bank_g |    0000001E  ___bank_g
     0000001E  ___bank_g |    0000001E  ___bank_g |    0000001E  ___bank_g
     0000001E  ___bank_g |    0000001E  ___bank_g |    0000001E  ___bank_g
     0000001E  ___bank_g |    0000001E  ___bank_g |    0000001E  ___bank_g
     0000001E  ___bank_g |    0000001E  ___bank_g |    0000001E  ___bank_g
     0000001E  ___bank_g |    0000001E  ___bank_g |    0000001E  ___bank_g
     0000001E  ___bank_g |    0000001E  ___bank_g |    0000001E  ___bank_g
     0000001E  ___bank_g |    0000001E  ___bank_g |    0000001E  ___bank_g
     0000001E  ___bank_g |    0000001F  ___bank_g |    0000001F  ___bank_g
     0000001F  ___bank_g |    0000001F  ___bank_g |    0000001F  ___bank_g
     0000001F  ___bank_g |    0000001F  ___bank_g |    0000001F  ___bank_g
     0000001F  ___bank_g |    0000001F  ___bank_g |    0000001F  ___bank_g
     0000001F  ___bank_g |    0000001F  ___bank_g |    0000001F  ___bank_g
     0000001F  ___bank_g |    0000001F  ___bank_g |    0000001F  ___bank_g
     0000001F  ___bank_g |    0000001F  ___bank_g |    0000001F  ___bank_g
     0000001F  ___bank_g |    0000001F  ___bank_g |    0000001F  ___bank_g
     0000001F  ___bank_g |    0000001F  ___bank_g |    0000001F  ___bank_g
     0000001F  ___bank_g |    0000001F  ___bank_g |    0000001F  ___bank_g
     00000020  ___bank_g |    00000020  ___bank_g |    00000020  ___bank_g
     00000020  ___bank_g |    00000020  ___bank_g |    00000020  ___bank_g
     00000020  ___bank_g |    00000020  ___bank_g |    00000020  ___bank_g
     00000020  ___bank_g |    00000020  ___bank_g |    00000020  ___bank_g
     00000020  ___bank_g |    00000020  ___bank_g |    00000020  ___bank_g
     00000020  ___bank_g |    00000020  ___bank_g |    00000020  ___bank_g
     00000020  ___bank_g |    00000020  ___bank_g |    00000020  ___bank_g
     00000020  ___bank_g |    00000020  ___bank_g |    00000020  ___bank_g
     00000020  ___bank_g |    00000020  ___bank_g |    00000020  ___bank_g
     00000020  ___bank_g |    00000020  ___bank_g |    00000030  l__HEADER
     0000004E  l__HEADER |    00000082  l__HEADER |    000001CB  l__DATA  
     00000200  s__CODE   |    00000C28  l__CODE   |    00000E28  s__HOME  
     0000102C  l__HOME   |    00001E54  s__BASE   |    00001E54  s__CODE_0
     00001E54  s__INITIA |    00001E54  s__LIT    |    00001E5A  s__GSINIT
     00001E66  s__GSFINA |    00002000  _rROMB0   |    000029B0  l__CODE_1
     000029B0  l__CODE_1 |    000029B0  l__CODE_2 |    000029B0  l__CODE_2
     000029B0  l__CODE_2 |    000029B0  l__CODE_2 |    000029B0  l__CODE_2
     000029B0  l__CODE_2 |    000029B0  l__CODE_2 |    000029B0  l__CODE_2
     000029B0  l__CODE_2 |    000029B0  l__CODE_2 |    000029B0  l__CODE_3
     000029B0  l__CODE_3 |    000029B0  l__CODE_3 |    00002B20  l__CODE_1
     00002B20  l__CODE_1 |    00002B20  l__CODE_1 |    00002B20  l__CODE_1
     00002B20  l__CODE_1 |    00002B20  l__CODE_1 |    00002B20  l__CODE_1
     00002B20  l__CODE_1 |    00002B20  l__CODE_2 |    00002B20  l__CODE_3
     00002B20  l__CODE_4 |    00002B20  l__CODE_5 |    00002B20  l__CODE_6
     00002B20  l__CODE_7 |    00002B20  l__CODE_8 |    00002B20  l__CODE_9
     00002F70  l__CODE_1 |    00003000  _rROMB1   |    00004000  _rRAMB   
     00008000  __VRAM    |    00008000  __VRAM800 |    00008800  __VRAM880
     00009000  __VRAM900 |    00009800  __SCRN0   |    00009C00  __SCRN1  
     0000A000  __SRAM    |    0000C000  __RAM     |    0000C000  _shadow_O
ASxxxx Linker V03.00 + NoICE + sdld,  page 8.
Hexadecimal  [32-Bits]

Area                       Addr        Size        Decimal Bytes (Attributes)
--------------------       ----        ----        ------- ----- ------------
.  .ABS.               00000000    00000000 =           0. bytes (ABS,CON)

        Value  Global            Value  Global            Value  Global    
        -----  ------            -----  ------            -----  ------    
     0000C0A0  s__DATA   |    0000C26B  s__BSS    |    0000C26B  s__INITIA
     0000C271  s__HEAP   |    0000D000  __RAMBANK |    0000E000  .STACK   
     0000FE00  __OAMRAM  |    0000FF00  _P1_REG   |    0000FF00  __IO     
     0000FF01  _SB_REG   |    0000FF02  _SC_REG   |    0000FF04  _DIV_REG 
     0000FF05  _TIMA_REG |    0000FF06  _TMA_REG  |    0000FF07  _TAC_REG 
     0000FF0F  _IF_REG   |    0000FF10  _NR10_REG |    0000FF11  _NR11_REG
     0000FF12  _NR12_REG |    0000FF13  _NR13_REG |    0000FF14  _NR14_REG
     0000FF16  _NR21_REG |    0000FF17  _NR22_REG |    0000FF18  _NR23_REG
     0000FF19  _NR24_REG |    0000FF1A  _NR30_REG |    0000FF1B  _NR31_REG
     0000FF1C  _NR32_REG |    0000FF1D  _NR33_REG |    0000FF1E  _NR34_REG
     0000FF20  _NR41_REG |    0000FF21  _NR42_REG |    0000FF22  _NR43_REG
     0000FF23  _NR44_REG |    0000FF24  _NR50_REG |    0000FF25  _NR51_REG
     0000FF26  _NR52_REG |    0000FF30  _AUD3WAVE |    0000FF30  _PCM_SAMP
     0000FF30  __AUD3WAV |    0000FF40  _LCDC_REG |    0000FF41  _STAT_REG
     0000FF42  _SCY_REG  |    0000FF43  _SCX_REG  |    0000FF44  _LY_REG  
     0000FF45  _LYC_REG  |    0000FF46  _DMA_REG  |    0000FF47  _BGP_REG 
     0000FF48  _OBP0_REG |    0000FF49  _OBP1_REG |    0000FF4A  _WY_REG  
     0000FF4B  _WX_REG   |    0000FF4D  _KEY1_REG |    0000FF4F  _VBK_REG 
     0000FF51  _HDMA1_RE |    0000FF52  _HDMA2_RE |    0000FF53  _HDMA3_RE
     0000FF54  _HDMA4_RE |    0000FF55  _HDMA5_RE |    0000FF56  _RP_REG  
     0000FF68  _BCPS_REG |    0000FF69  _BCPD_REG |    0000FF6A  _OCPS_REG
     0000FF6B  _OCPD_REG |    0000FF70  _SVBK_REG |    0000FF76  _PCM12_RE
     0000FF77  _PCM34_RE |    0000FF80  .refresh_ |    0000FF80  __HRAM   
     0000FFFF  _IE_REG   |    00014000  s__CODE_1 |    00024000  s__CODE_2
     00034000  s__CODE_3 |    00044000  s__CODE_4 |    00054000  s__CODE_5
     00064000  s__CODE_6 |    00074000  s__CODE_7 |    00084000  s__CODE_8
     00094000  s__CODE_9 |    000A4000  s__CODE_1 |    000B4000  s__CODE_1
     000C4000  s__CODE_1 |    000D4000  s__CODE_1 |    000E4000  s__CODE_1
     000F4000  s__CODE_1 |    00104000  s__CODE_1 |    00114000  s__CODE_1
     00124000  s__CODE_1 |    00134000  s__CODE_1 |    00144000  s__CODE_2
     00154000  s__CODE_2 |    00164000  s__CODE_2 |    00174000  s__CODE_2
     00184000  s__CODE_2 |    00194000  s__CODE_2 |    001A4000  s__CODE_2
     001B4000  s__CODE_2 |    001C4000  s__CODE_2 |    001D4000  s__CODE_2
     001E4000  s__CODE_3 |    001F4000  s__CODE_3 |    00204000  s__CODE_3
ASxxxx Linker V03.00 + NoICE + sdld,  page 9.
Hexadecimal  [32-Bits]

Area                       Addr        Size        Decimal Bytes (Attributes)
--------------------       ----        ----        ------- ----- ------------
_CODE                  00000200    00000C28 =        3112. bytes (REL,CON)

        Value  Global            Value  Global            Value  Global    
        -----  ------            -----  ------            -----  ------    
     00000200  A$main$15 |    00000200  C$main.c$ |    00000200  G$map$0$0
     00000200  _map      |    00000202  A$main$15 |    00000202  C$main.c$
     00000204  A$main$16 |    00000205  A$main$16 |    00000207  A$main$16
     00000208  A$main$16 |    0000020A  A$main$16 |    0000020B  A$main$16
     0000020D  A$main$16 |    0000020E  A$main$16 |    0000020F  A$main$16
     00000210  A$main$16 |    00000211  A$main$17 |    00000212  A$main$17
     00000213  A$main$17 |    00000214  A$main$17 |    00000215  A$main$17
     00000216  A$main$17 |    00000218  A$main$17 |    00000219  A$main$17
     0000021A  A$main$17 |    0000021C  A$main$17 |    0000021D  A$main$18
     0000021E  A$main$18 |    0000021F  A$main$18 |    00000220  A$main$18
     00000221  A$main$18 |    00000222  A$main$18 |    00000223  A$main$18
     00000224  A$main$18 |    00000225  A$main$18 |    00000226  A$main$18
     00000228  A$main$19 |    00000229  A$main$19 |    0000022A  A$main$19
     0000022C  A$main$19 |    0000022E  A$main$19 |    0000022F  A$main$19
     00000230  A$main$19 |    00000231  A$main$19 |    00000232  A$main$19
     00000233  A$main$19 |    00000234  A$main$20 |    00000236  A$main$20
     00000237  A$main$20 |    00000238  A$main$20 |    00000239  A$main$20
     0000023A  A$main$20 |    0000023D  A$main$20 |    0000023E  A$main$20
     00000240  A$main$20 |    00000241  A$main$20 |    00000244  A$main$21
     00000246  A$main$21 |    00000249  A$main$21 |    0000024A  A$main$21
     0000024D  A$main$21 |    0000024E  A$main$21 |    0000024F  A$main$21
     00000250  A$main$21 |    00000253  A$main$21 |    00000255  A$main$21
     00000258  A$main$22 |    00000259  A$main$22 |    0000025A  A$main$22
     0000025B  A$main$22 |    0000025D  A$main$23 |    0000025D  C$main.c$
     0000025D  XG$map$0$ |    0000025E  A$main$24 |    0000025E  C$main.c$
     0000025E  C$main.c$ |    0000025E  G$update_ |    0000025E  _update_j
     00000261  A$main$24 |    00000264  A$main$24 |    00000265  A$main$25
     00000265  C$main.c$ |    00000266  A$main$25 |    00000268  A$main$25
     0000026A  A$main$25 |    0000026A  C$main.c$ |    0000026D  A$main$25
     0000026F  A$main$25 |    00000271  A$main$26 |    00000271  C$main.c$
     00000274  A$main$26 |    00000276  A$main$26 |    00000278  A$main$26
     00000278  C$main.c$ |    0000027B  A$main$27 |    0000027D  A$main$27
     0000027D  C$main.c$ |    00000280  A$main$27 |    00000282  A$main$27
     00000284  A$main$28 |    00000284  C$main.c$ |    00000287  A$main$28
     00000289  A$main$28 |    00000289  C$main.c$ |    0000028C  A$main$28
     0000028E  A$main$29 |    0000028E  C$main.c$ |    00000290  A$main$29
     00000292  A$main$29 |    00000292  C$main.c$ |    00000295  A$main$29
     00000297  A$main$29 |    00000299  A$main$30 |    00000299  C$main.c$
     0000029C  A$main$30 |    0000029E  A$main$30 |    000002A0  A$main$31
     000002A0  C$main.c$ |    000002A3  A$main$31 |    000002A5  A$main$31
     000002A5  C$main.c$ |    000002A8  A$main$31 |    000002AA  A$main$31
     000002AC  A$main$32 |    000002AC  C$main.c$ |    000002AF  A$main$32
     000002B1  A$main$32 |    000002B1  C$main.c$ |    000002B4  A$main$32
     000002B6  A$main$33 |    000002B6  C$main.c$ |    000002B8  A$main$33
     000002BA  A$main$33 |    000002BA  C$main.c$ |    000002BD  A$main$33
     000002BF  A$main$34 |    000002C1  A$main$34 |    000002C1  C$main.c$
     000002C4  A$main$34 |    000002C6  A$main$34 |    000002C8  A$main$35
     000002C8  C$main.c$ |    000002CB  A$main$35 |    000002CD  A$main$35
     000002CD  C$main.c$ |    000002D0  A$main$35 |    000002D2  A$main$35
     000002D4  A$main$36 |    000002D4  C$main.c$ |    000002D7  A$main$36
ASxxxx Linker V03.00 + NoICE + sdld,  page 10.
Hexadecimal  [32-Bits]

Area                       Addr        Size        Decimal Bytes (Attributes)
--------------------       ----        ----        ------- ----- ------------
_CODE                  00000200    00000C28 =        3112. bytes (REL,CON)

        Value  Global            Value  Global            Value  Global    
        -----  ------            -----  ------            -----  ------    
     000002D9  A$main$36 |    000002D9  C$main.c$ |    000002DC  A$main$36
     000002DE  A$main$37 |    000002DE  C$main.c$ |    000002E0  A$main$37
     000002E2  A$main$37 |    000002E2  C$main.c$ |    000002E5  A$main$38
     000002E7  A$main$38 |    000002E9  A$main$38 |    000002E9  C$main.c$
     000002EC  A$main$38 |    000002EE  A$main$38 |    000002EF  A$main$39
     000002EF  C$main.c$ |    000002F2  A$main$39 |    000002F4  A$main$39
     000002F4  C$main.c$ |    000002F7  A$main$39 |    000002F9  A$main$39
     000002FA  A$main$40 |    000002FA  C$main.c$ |    000002FD  A$main$40
     000002FF  A$main$40 |    000002FF  C$main.c$ |    00000302  A$main$41
     00000304  A$main$41 |    00000304  C$main.c$ |    00000304  XG$update
     00000305  A$main$43 |    00000305  C$main.c$ |    00000305  C$main.c$
     00000305  G$next_pa |    00000305  _next_pag |    00000308  A$main$43
     00000309  A$main$43 |    0000030A  A$main$43 |    0000030B  A$main$43
     0000030C  A$main$43 |    0000030C  C$main.c$ |    0000030D  A$main$44
     0000030F  A$main$44 |    00000312  A$main$44 |    00000312  C$main.c$
     00000315  A$main$44 |    00000316  A$main$44 |    00000317  A$main$44
     00000318  A$main$44 |    0000031B  A$main$45 |    0000031C  A$main$45
     0000031D  A$main$45 |    00000320  A$main$45 |    00000321  A$main$45
     00000324  A$main$45 |    00000326  A$main$45 |    00000326  C$main.c$
     00000329  A$main$46 |    0000032A  A$main$46 |    0000032D  A$main$46
     0000032E  A$main$46 |    0000032F  A$main$46 |    00000330  A$main$46
     00000331  A$main$46 |    00000334  A$main$46 |    00000336  A$main$47
     00000336  C$main.c$ |    00000339  A$main$47 |    0000033A  A$main$47
     0000033B  A$main$47 |    0000033C  A$main$47 |    0000033D  A$main$48
     0000033D  C$main.c$ |    0000033D  XG$next_p |    0000033E  A$main$49
     0000033E  C$main.c$ |    0000033E  C$main.c$ |    0000033E  G$prev_pa
     0000033E  _prev_pag |    00000341  A$main$49 |    00000342  A$main$49
     00000343  A$main$49 |    00000344  A$main$50 |    00000345  A$main$50
     00000345  C$main.c$ |    00000346  A$main$50 |    00000348  A$main$50
     0000034B  A$main$51 |    0000034B  C$main.c$ |    0000034E  A$main$51
     0000034F  A$main$51 |    00000350  A$main$51 |    00000351  A$main$51
     00000354  A$main$51 |    00000355  A$main$51 |    00000356  A$main$51
     00000359  A$main$51 |    0000035A  A$main$51 |    0000035D  A$main$52
     0000035F  A$main$52 |    0000035F  C$main.c$ |    00000362  A$main$52
     00000363  A$main$52 |    00000366  A$main$52 |    00000367  A$main$52
     00000368  A$main$52 |    00000369  A$main$53 |    0000036A  A$main$53
     0000036D  A$main$53 |    0000036F  A$main$53 |    0000036F  C$main.c$
     00000372  A$main$53 |    00000373  A$main$53 |    00000374  A$main$53
     00000375  A$main$54 |    00000376  A$main$54 |    00000377  A$main$54
     00000378  A$main$54 |    00000379  A$main$54 |    0000037A  A$main$55
     0000037A  C$main.c$ |    0000037A  XG$prev_p |    0000037B  A$main$56
     0000037B  C$main.c$ |    0000037B  G$resolve |    0000037B  _resolve_
     0000037D  A$main$56 |    0000037D  C$main.c$ |    00000380  A$main$56
     00000382  A$main$56 |    00000383  A$main$56 |    00000386  A$main$57
     00000388  A$main$57 |    00000389  A$main$57 |    0000038A  A$main$57
     0000038C  A$main$57 |    0000038D  A$main$57 |    0000038F  A$main$57
     00000391  A$main$58 |    00000391  C$main.c$ |    00000393  A$main$58
     00000395  A$main$58 |    00000397  A$main$58 |    0000039A  A$main$58
     0000039A  C$main.c$ |    0000039D  A$main$58 |    0000039E  A$main$58
     000003A1  A$main$59 |    000003A2  A$main$59 |    000003A5  A$main$59
     000003A6  A$main$59 |    000003A9  A$main$59 |    000003AB  A$main$59
ASxxxx Linker V03.00 + NoICE + sdld,  page 11.
Hexadecimal  [32-Bits]

Area                       Addr        Size        Decimal Bytes (Attributes)
--------------------       ----        ----        ------- ----- ------------
_CODE                  00000200    00000C28 =        3112. bytes (REL,CON)

        Value  Global            Value  Global            Value  Global    
        -----  ------            -----  ------            -----  ------    
     000003AB  C$main.c$ |    000003AE  A$main$59 |    000003B0  A$main$60
     000003B1  A$main$60 |    000003B2  A$main$60 |    000003B3  A$main$60
     000003B3  C$main.c$ |    000003B6  A$main$60 |    000003B8  A$main$61
     000003B8  C$main.c$ |    000003BB  A$main$61 |    000003BB  C$main.c$
     000003BD  A$main$61 |    000003BF  A$main$61 |    000003C0  A$main$61
     000003C1  A$main$62 |    000003C3  A$main$62 |    000003C4  A$main$62
     000003C6  A$main$62 |    000003C6  C$main.c$ |    000003C8  A$main$62
     000003CA  A$main$62 |    000003CC  A$main$62 |    000003CF  A$main$63
     000003CF  C$main.c$ |    000003D2  A$main$63 |    000003D3  A$main$63
     000003D6  A$main$63 |    000003D7  A$main$63 |    000003DA  A$main$63
     000003DB  A$main$63 |    000003DE  A$main$64 |    000003E0  A$main$64
     000003E0  C$main.c$ |    000003E3  A$main$64 |    000003E5  A$main$64
     000003E6  A$main$64 |    000003E8  A$main$65 |    000003E8  C$main.c$
     000003EB  A$main$65 |    000003ED  A$main$65 |    000003ED  C$main.c$
     000003F0  A$main$66 |    000003F3  A$main$66 |    000003F4  A$main$66
     000003F5  A$main$66 |    000003F5  C$main.c$ |    000003F6  A$main$66
     000003F7  A$main$66 |    000003F8  A$main$67 |    000003FA  A$main$67
     000003FB  A$main$67 |    000003FC  A$main$67 |    000003FE  A$main$67
     000003FF  A$main$67 |    00000400  A$main$67 |    00000402  A$main$67
     00000403  A$main$67 |    00000406  A$main$67 |    00000408  A$main$68
     00000409  A$main$68 |    00000409  C$main.c$ |    0000040B  A$main$68
     0000040C  A$main$68 |    0000040D  A$main$68 |    0000040E  A$main$68
     0000040F  A$main$68 |    00000410  A$main$69 |    00000412  A$main$69
     00000415  A$main$69 |    00000418  A$main$69 |    00000419  A$main$69
     0000041A  A$main$69 |    0000041B  A$main$69 |    0000041C  A$main$69
     0000041D  A$main$69 |    0000041E  A$main$69 |    00000420  A$main$70
     00000420  C$main.c$ |    00000422  A$main$70 |    00000423  A$main$70
     00000426  A$main$70 |    00000428  A$main$70 |    00000429  A$main$70
     0000042C  A$main$71 |    0000042C  C$main.c$ |    0000042F  A$main$71
     00000431  A$main$71 |    00000431  C$main.c$ |    00000433  A$main$72
     00000433  C$main.c$ |    00000436  A$main$72 |    00000437  A$main$72
     00000438  A$main$72 |    00000439  A$main$72 |    0000043B  A$main$72
     0000043C  A$main$72 |    0000043D  A$main$72 |    0000043E  A$main$73
     0000043F  A$main$73 |    00000441  A$main$73 |    00000444  A$main$73
     00000447  A$main$73 |    00000448  A$main$73 |    00000449  A$main$73
     0000044A  A$main$73 |    0000044B  A$main$73 |    0000044C  A$main$73
     0000044D  A$main$74 |    0000044F  A$main$74 |    0000044F  C$main.c$
     00000451  A$main$74 |    00000452  A$main$74 |    00000455  A$main$74
     00000457  A$main$74 |    00000458  A$main$74 |    0000045B  A$main$75
     0000045B  C$main.c$ |    0000045E  A$main$75 |    00000460  A$main$75
     00000460  C$main.c$ |    00000462  A$main$76 |    00000462  C$main.c$
     00000464  A$main$76 |    00000466  A$main$76 |    00000468  A$main$76
     0000046B  A$main$77 |    0000046B  C$main.c$ |    0000046E  A$main$77
     0000046F  A$main$77 |    00000472  A$main$77 |    00000473  A$main$77
     00000476  A$main$77 |    00000477  A$main$77 |    0000047A  A$main$77
     0000047C  A$main$78 |    0000047C  C$main.c$ |    0000047F  A$main$78
     00000481  A$main$78 |    00000482  A$main$78 |    00000484  A$main$78
     00000484  C$main.c$ |    00000487  A$main$78 |    00000488  A$main$79
     00000489  A$main$79 |    0000048A  A$main$79 |    0000048C  A$main$79
     0000048D  A$main$79 |    0000048F  A$main$79 |    00000490  A$main$79
     00000492  A$main$80 |    00000492  C$main.c$ |    00000495  A$main$80
ASxxxx Linker V03.00 + NoICE + sdld,  page 12.
Hexadecimal  [32-Bits]

Area                       Addr        Size        Decimal Bytes (Attributes)
--------------------       ----        ----        ------- ----- ------------
_CODE                  00000200    00000C28 =        3112. bytes (REL,CON)

        Value  Global            Value  Global            Value  Global    
        -----  ------            -----  ------            -----  ------    
     00000497  A$main$80 |    00000497  C$main.c$ |    00000499  A$main$81
     00000499  C$main.c$ |    0000049C  A$main$81 |    0000049E  A$main$81
     000004A0  A$main$82 |    000004A0  C$main.c$ |    000004A0  XG$resolv
     000004A1  A$main$83 |    000004A1  C$main.c$ |    000004A1  C$main.c$
     000004A1  G$jump_pa |    000004A1  _jump_pag |    000004A4  A$main$83
     000004A7  A$main$83 |    000004A8  A$main$83 |    000004AA  A$main$83
     000004AD  A$main$83 |    000004B0  A$main$84 |    000004B1  A$main$84
     000004B2  A$main$84 |    000004B4  A$main$84 |    000004B4  C$main.c$
     000004B7  A$main$85 |    000004B7  C$main.c$ |    000004BA  A$main$85
     000004BD  A$main$85 |    000004BE  A$main$85 |    000004C0  A$main$85
     000004C3  A$main$85 |    000004C6  A$main$85 |    000004C7  A$main$85
     000004C9  A$main$86 |    000004C9  C$main.c$ |    000004CC  A$main$86
     000004CE  A$main$86 |    000004D0  A$main$87 |    000004D0  C$main.c$
     000004D3  A$main$87 |    000004D5  A$main$87 |    000004D8  A$main$87
     000004D8  C$main.c$ |    000004DB  A$main$87 |    000004DC  A$main$87
     000004DD  A$main$87 |    000004DE  A$main$88 |    000004E1  A$main$88
     000004E2  A$main$88 |    000004E3  A$main$88 |    000004E6  A$main$88
     000004E7  A$main$88 |    000004EA  A$main$88 |    000004EC  A$main$89
     000004EC  C$main.c$ |    000004EF  A$main$89 |    000004F0  A$main$89
     000004F2  A$main$89 |    000004F3  A$main$89 |    000004F4  A$main$89
     000004F4  C$main.c$ |    000004F6  A$main$90 |    000004F6  C$main.c$
     000004F9  A$main$90 |    000004FB  A$main$90 |    000004FE  A$main$90
     000004FE  C$main.c$ |    00000501  A$main$91 |    00000502  A$main$91
     00000503  A$main$91 |    00000504  A$main$91 |    00000507  A$main$91
     00000508  A$main$91 |    00000509  A$main$91 |    0000050C  A$main$91
     0000050D  A$main$91 |    00000510  A$main$91 |    00000512  A$main$92
     00000512  C$main.c$ |    00000515  A$main$92 |    00000516  A$main$92
     00000517  A$main$92 |    00000518  A$main$92 |    00000519  A$main$92
     0000051A  A$main$92 |    0000051B  A$main$93 |    0000051C  A$main$93
     0000051D  A$main$93 |    0000051D  C$main.c$ |    0000051F  A$main$94
     0000051F  C$main.c$ |    00000522  A$main$94 |    00000523  A$main$94
     00000526  A$main$94 |    00000527  A$main$94 |    00000528  A$main$94
     00000529  A$main$94 |    0000052A  A$main$94 |    0000052D  A$main$94
     0000052F  A$main$95 |    0000052F  C$main.c$ |    0000052F  XG$jump_p
     00000530  A$main$96 |    00000530  C$main.c$ |    00000530  G$update_
     00000530  _update_p |    00000531  A$main$97 |    00000531  C$main.c$
     00000534  A$main$97 |    00000535  A$main$97 |    00000536  A$main$97
     00000539  A$main$97 |    0000053A  A$main$97 |    0000053D  A$main$97
     0000053E  A$main$98 |    0000053F  A$main$98 |    00000541  A$main$98
     00000542  A$main$98 |    00000543  A$main$98 |    00000544  A$main$98
     00000545  A$main$98 |    00000548  A$main$98 |    0000054A  A$main$98
     0000054B  A$main$99 |    0000054E  A$main$99 |    0000054F  A$main$99
     00000550  A$main$99 |    00000551  A$main$10 |    00000551  C$main.c$
     00000552  A$main$10 |    00000554  A$main$10 |    00000556  A$main$10
     00000557  A$main$10 |    00000557  C$main.c$ |    00000558  A$main$10
     0000055A  A$main$10 |    0000055B  A$main$10 |    0000055D  A$main$10
     0000055F  A$main$10 |    0000055F  C$main.c$ |    00000560  A$main$10
     00000561  A$main$10 |    00000561  C$main.c$ |    00000562  A$main$10
     00000563  A$main$10 |    00000565  A$main$10 |    00000566  A$main$10
     00000568  A$main$10 |    00000569  A$main$10 |    0000056A  A$main$10
     0000056D  A$main$10 |    0000056F  A$main$10 |    0000056F  C$main.c$
ASxxxx Linker V03.00 + NoICE + sdld,  page 13.
Hexadecimal  [32-Bits]

Area                       Addr        Size        Decimal Bytes (Attributes)
--------------------       ----        ----        ------- ----- ------------
_CODE                  00000200    00000C28 =        3112. bytes (REL,CON)

        Value  Global            Value  Global            Value  Global    
        -----  ------            -----  ------            -----  ------    
     00000570  A$main$10 |    00000571  A$main$10 |    00000573  A$main$10
     00000574  A$main$10 |    00000576  A$main$10 |    00000577  A$main$10
     00000578  A$main$10 |    0000057B  A$main$10 |    0000057D  A$main$10
     0000057D  C$main.c$ |    0000057E  A$main$10 |    0000057F  A$main$10
     00000581  A$main$10 |    00000582  A$main$10 |    00000584  A$main$10
     00000585  A$main$10 |    00000586  A$main$10 |    00000589  A$main$10
     0000058B  A$main$10 |    0000058E  A$main$10 |    0000058E  C$main.c$
     0000058E  C$main.c$ |    0000058F  A$main$10 |    00000591  A$main$10
     00000592  A$main$10 |    00000594  A$main$10 |    00000596  A$main$10
     00000596  C$main.c$ |    00000598  A$main$10 |    00000599  A$main$10
     0000059A  A$main$10 |    0000059A  C$main.c$ |    0000059D  A$main$10
     0000059F  A$main$10 |    000005A2  A$main$10 |    000005A2  C$main.c$
     000005A3  A$main$10 |    000005A4  A$main$10 |    000005A6  A$main$10
     000005A7  A$main$10 |    000005A9  A$main$10 |    000005AA  A$main$10
     000005AB  A$main$10 |    000005AE  A$main$10 |    000005B0  A$main$10
     000005B0  C$main.c$ |    000005B1  A$main$10 |    000005B2  A$main$10
     000005B4  A$main$10 |    000005B5  A$main$10 |    000005B7  A$main$10
     000005B8  A$main$10 |    000005B9  A$main$11 |    000005BC  A$main$11
     000005BE  A$main$11 |    000005BE  C$main.c$ |    000005C1  A$main$11
     000005C2  A$main$11 |    000005C4  A$main$11 |    000005C5  A$main$11
     000005C7  A$main$11 |    000005C8  A$main$11 |    000005C9  A$main$11
     000005CC  A$main$11 |    000005CE  A$main$11 |    000005D0  A$main$11
     000005D0  C$main.c$ |    000005D2  A$main$11 |    000005D3  A$main$11
     000005D4  A$main$11 |    000005D4  C$main.c$ |    000005D7  A$main$11
     000005D9  A$main$11 |    000005DC  A$main$11 |    000005DC  C$main.c$
     000005DD  A$main$11 |    000005DE  A$main$11 |    000005DF  A$main$11
     000005E1  A$main$11 |    000005E2  A$main$11 |    000005E2  C$main.c$
     000005E4  A$main$11 |    000005E5  A$main$11 |    000005E7  A$main$11
     000005E8  A$main$11 |    000005EA  A$main$11 |    000005EB  A$main$11
     000005EC  A$main$11 |    000005EF  A$main$11 |    000005F1  A$main$11
     000005F1  C$main.c$ |    000005F4  A$main$11 |    000005F5  A$main$11
     000005F7  A$main$11 |    000005F8  A$main$11 |    000005FA  A$main$11
     000005FB  A$main$11 |    000005FC  A$main$11 |    000005FF  A$main$11
     00000601  A$main$11 |    00000601  C$main.c$ |    00000602  A$main$11
     00000603  A$main$11 |    00000605  A$main$11 |    00000606  A$main$11
     00000608  A$main$11 |    00000609  A$main$11 |    0000060A  A$main$11
     0000060D  A$main$11 |    0000060F  A$main$11 |    0000060F  C$main.c$
     00000612  A$main$11 |    00000613  A$main$11 |    00000614  A$main$11
     00000615  A$main$11 |    00000616  A$main$11 |    00000619  A$main$11
     0000061A  A$main$11 |    0000061D  A$main$11 |    0000061E  A$main$11
     0000061F  A$main$11 |    0000061F  C$main.c$ |    0000061F  XG$update
     00000620  A$main$12 |    00000620  C$main.c$ |    00000620  C$main.c$
     00000620  G$choose_ |    00000620  _choose_p |    00000623  A$main$12
     00000625  A$main$12 |    00000627  A$main$12 |    00000627  C$main.c$
     0000062A  A$main$12 |    0000062C  A$main$12 |    0000062E  A$main$12
     0000062E  C$main.c$ |    00000631  A$main$12 |    00000633  A$main$12
     00000633  C$main.c$ |    00000636  A$main$12 |    00000638  A$main$12
     00000638  C$main.c$ |    0000063B  A$main$12 |    0000063E  A$main$12
     0000063F  A$main$12 |    00000641  A$main$12 |    00000641  C$main.c$
     00000644  A$main$12 |    00000646  A$main$12 |    00000646  C$main.c$
     00000649  A$main$12 |    00000649  C$main.c$ |    0000064A  A$main$12
ASxxxx Linker V03.00 + NoICE + sdld,  page 14.
Hexadecimal  [32-Bits]

Area                       Addr        Size        Decimal Bytes (Attributes)
--------------------       ----        ----        ------- ----- ------------
_CODE                  00000200    00000C28 =        3112. bytes (REL,CON)

        Value  Global            Value  Global            Value  Global    
        -----  ------            -----  ------            -----  ------    
     0000064C  A$main$12 |    0000064E  A$main$12 |    0000064E  C$main.c$
     00000651  A$main$12 |    00000652  A$main$12 |    00000654  A$main$12
     00000656  A$main$12 |    00000657  A$main$12 |    00000658  A$main$12
     0000065A  A$main$12 |    0000065C  A$main$12 |    0000065F  A$main$12
     00000661  A$main$12 |    00000664  A$main$12 |    00000665  A$main$12
     00000666  A$main$12 |    00000667  A$main$12 |    00000668  A$main$12
     0000066B  A$main$12 |    0000066C  A$main$12 |    0000066D  A$main$12
     0000066E  A$main$12 |    0000066E  C$main.c$ |    00000671  A$main$12
     00000671  C$main.c$ |    00000674  A$main$12 |    00000675  A$main$12
     00000675  C$main.c$ |    00000678  A$main$12 |    0000067A  A$main$12
     0000067B  A$main$12 |    0000067B  C$main.c$ |    0000067E  A$main$12
     00000680  A$main$12 |    00000682  A$main$12 |    00000682  C$main.c$
     00000685  A$main$13 |    00000687  A$main$13 |    00000687  C$main.c$
     0000068A  A$main$13 |    0000068C  A$main$13 |    0000068C  C$main.c$
     0000068F  A$main$13 |    00000692  A$main$13 |    00000693  A$main$13
     00000695  A$main$13 |    00000695  C$main.c$ |    00000698  A$main$13
     0000069A  A$main$13 |    0000069A  C$main.c$ |    0000069D  A$main$13
     0000069D  C$main.c$ |    0000069E  A$main$13 |    000006A0  A$main$13
     000006A2  A$main$13 |    000006A2  C$main.c$ |    000006A5  A$main$13
     000006A6  A$main$13 |    000006A7  A$main$13 |    000006A8  A$main$13
     000006A9  A$main$13 |    000006AA  A$main$13 |    000006AB  A$main$13
     000006AD  A$main$13 |    000006B0  A$main$13 |    000006B2  A$main$13
     000006B3  A$main$13 |    000006B6  A$main$13 |    000006B7  A$main$13
     000006B8  A$main$13 |    000006B9  A$main$13 |    000006B9  C$main.c$
     000006BC  A$main$13 |    000006BC  C$main.c$ |    000006BF  A$main$13
     000006C0  A$main$13 |    000006C0  C$main.c$ |    000006C0  XG$choose
     000006C1  A$main$13 |    000006C1  C$main.c$ |    000006C1  C$main.c$
     000006C1  G$interru |    000006C1  _interrup |    000006C4  A$main$13
     000006C4  C$main.c$ |    000006C5  A$main$13 |    000006C7  A$main$13
     000006C9  A$main$13 |    000006C9  C$main.c$ |    000006CC  A$main$13
     000006CD  A$main$13 |    000006CF  A$main$13 |    000006D0  A$main$13
     000006D2  A$main$13 |    000006D3  A$main$14 |    000006D3  C$main.c$
     000006D6  A$main$14 |    000006D7  A$main$14 |    000006D9  A$main$14
     000006DB  A$main$14 |    000006DC  A$main$14 |    000006DD  A$main$14
     000006DE  A$main$14 |    000006DF  A$main$14 |    000006E0  A$main$14
     000006E2  A$main$14 |    000006E3  A$main$14 |    000006E5  A$main$14
     000006E6  A$main$14 |    000006E7  A$main$14 |    000006E8  A$main$14
     000006E9  A$main$14 |    000006EA  A$main$14 |    000006EB  A$main$14
     000006EB  C$main.c$ |    000006EE  A$main$14 |    000006F0  A$main$14
     000006F0  C$main.c$ |    000006F1  A$main$14 |    000006F3  A$main$14
     000006F3  C$main.c$ |    000006F3  XG$interr |    000006F4  A$main$14
     000006F4  C$main.c$ |    000006F4  C$main.c$ |    000006F4  G$main$0$
     000006F4  _main     |    000006F5  A$main$14 |    000006F5  C$main.c$
     000006F7  A$main$14 |    000006F9  A$main$14 |    000006F9  C$main.c$
     000006FA  A$main$14 |    000006FC  A$main$14 |    000006FC  C$main.c$
     000006FF  A$main$14 |    00000700  A$main$14 |    00000703  A$main$14
     00000704  A$main$14 |    00000705  A$main$14 |    00000705  C$main.c$
     00000707  A$main$14 |    00000708  A$main$14 |    00000709  A$main$14
     0000070C  A$main$14 |    0000070D  A$main$14 |    0000070D  C$main.c$
     00000710  A$main$14 |    00000710  C$main.c$ |    00000713  A$main$14
     00000714  A$main$14 |    00000717  A$main$14 |    00000718  A$main$14
ASxxxx Linker V03.00 + NoICE + sdld,  page 15.
Hexadecimal  [32-Bits]

Area                       Addr        Size        Decimal Bytes (Attributes)
--------------------       ----        ----        ------- ----- ------------
_CODE                  00000200    00000C28 =        3112. bytes (REL,CON)

        Value  Global            Value  Global            Value  Global    
        -----  ------            -----  ------            -----  ------    
     0000071B  A$main$14 |    0000071C  A$main$14 |    0000071D  A$main$14
     0000071D  C$main.c$ |    0000071E  A$main$14 |    0000071F  A$main$14
     00000720  A$main$14 |    00000721  A$main$14 |    00000722  A$main$14
     00000723  A$main$14 |    00000726  A$main$14 |    00000727  A$main$15
     00000727  C$main.c$ |    00000729  A$main$15 |    0000072B  A$main$15
     0000072D  A$main$15 |    0000072D  C$main.c$ |    00000730  A$main$15
     00000732  A$main$15 |    00000732  C$main.c$ |    00000735  A$main$15
     00000737  A$main$15 |    00000737  C$main.c$ |    0000073A  A$main$15
     0000073C  A$main$15 |    0000073C  C$main.c$ |    0000073E  A$main$15
     00000740  A$main$15 |    00000742  A$main$15 |    00000745  A$main$15
     00000745  C$main.c$ |    00000748  A$main$15 |    00000749  A$main$15
     0000074C  A$main$15 |    0000074D  A$main$15 |    0000074D  C$main.c$
     00000750  A$main$15 |    00000751  A$main$15 |    00000754  A$main$15
     00000755  A$main$15 |    00000758  A$main$15 |    00000759  A$main$15
     0000075C  A$main$15 |    0000075E  A$main$15 |    0000075E  C$main.c$
     00000761  A$main$15 |    00000763  A$main$15 |    00000764  A$main$15
     00000765  A$main$15 |    00000766  A$main$15 |    00000766  C$main.c$
     00000769  A$main$15 |    0000076A  A$main$15 |    0000076D  A$main$15
     0000076E  A$main$15 |    00000771  A$main$15 |    00000773  A$main$15
     00000773  C$main.c$ |    00000776  A$main$15 |    00000777  A$main$15
     0000077A  A$main$15 |    0000077B  A$main$15 |    0000077E  A$main$15
     0000077F  A$main$15 |    00000782  A$main$15 |    00000784  A$main$15
     00000784  C$main.c$ |    00000787  A$main$15 |    00000788  A$main$15
     0000078B  A$main$15 |    0000078C  A$main$15 |    0000078D  A$main$15
     0000078E  A$main$15 |    0000078F  A$main$15 |    00000792  A$main$15
     00000794  A$main$15 |    00000794  C$main.c$ |    00000794  C$main.c$
     00000797  A$main$15 |    00000797  C$main.c$ |    0000079A  A$main$15
     0000079C  A$main$15 |    0000079E  A$main$16 |    0000079E  C$main.c$
     000007A1  A$main$16 |    000007A2  A$main$16 |    000007A4  A$main$16
     000007A5  A$main$16 |    000007A5  C$main.c$ |    000007A7  A$main$16
     000007A9  A$main$16 |    000007A9  C$main.c$ |    000007AC  A$main$16
     000007AF  A$main$16 |    000007B2  A$main$16 |    000007B5  A$main$16
     000007B5  C$main.c$ |    000007B8  A$main$16 |    000007BB  A$main$16
     000007BD  A$main$16 |    000007C0  A$main$16 |    000007C1  A$main$16
     000007C2  A$main$16 |    000007C4  A$main$16 |    000007C5  A$main$16
     000007C7  A$main$16 |    000007C7  C$main.c$ |    000007CA  A$main$16
     000007CA  C$main.c$ |    000007CD  A$main$16 |    000007CE  A$main$16
     000007CF  A$main$16 |    000007D1  A$main$16 |    000007D3  A$main$16
     000007D5  A$main$16 |    000007D5  C$main.c$ |    000007D8  A$main$16
     000007DB  A$main$16 |    000007DD  A$main$16 |    000007E0  A$main$16
     000007E1  A$main$16 |    000007E2  A$main$16 |    000007E4  A$main$16
     000007E5  A$main$16 |    000007E7  A$main$16 |    000007E7  C$main.c$
     000007EA  A$main$16 |    000007EA  C$main.c$ |    000007ED  A$main$16
     000007EE  A$main$16 |    000007EF  A$main$16 |    000007F0  A$main$16
     000007F2  A$main$16 |    000007F2  C$main.c$ |    000007F5  A$main$16
     000007F7  A$main$16 |    000007F7  C$main.c$ |    000007FA  A$main$16
     000007FC  A$main$16 |    000007FE  A$main$16 |    00000801  A$main$16
     00000803  A$main$16 |    00000805  A$main$16 |    00000805  C$main.c$
     00000807  A$main$17 |    0000080A  A$main$17 |    0000080C  A$main$17
     0000080F  A$main$17 |    00000810  A$main$17 |    00000811  A$main$17
     00000813  A$main$17 |    00000814  A$main$17 |    00000816  A$main$17
ASxxxx Linker V03.00 + NoICE + sdld,  page 16.
Hexadecimal  [32-Bits]

Area                       Addr        Size        Decimal Bytes (Attributes)
--------------------       ----        ----        ------- ----- ------------
_CODE                  00000200    00000C28 =        3112. bytes (REL,CON)

        Value  Global            Value  Global            Value  Global    
        -----  ------            -----  ------            -----  ------    
     00000816  C$main.c$ |    00000819  A$main$17 |    00000819  C$main.c$
     0000081C  A$main$17 |    0000081D  A$main$17 |    0000081E  A$main$17
     0000081F  A$main$17 |    00000821  A$main$17 |    00000821  C$main.c$
     00000824  A$main$17 |    00000826  A$main$17 |    00000826  C$main.c$
     00000829  A$main$17 |    0000082C  A$main$17 |    0000082F  A$main$17
     00000832  A$main$17 |    00000832  C$main.c$ |    00000835  A$main$17
     00000837  A$main$17 |    00000839  A$main$17 |    00000839  C$main.c$
     0000083C  A$main$17 |    0000083C  C$main.c$ |    0000083F  A$main$17
     0000083F  C$main.c$ |    00000842  A$main$17 |    00000842  C$main.c$
     00000845  A$main$17 |    00000847  A$main$17 |    00000849  A$main$17
     00000849  C$main.c$ |    0000084C  A$main$17 |    0000084C  C$main.c$
     0000084F  A$main$17 |    00000851  A$main$17 |    00000853  A$main$17
     00000853  C$main.c$ |    00000856  A$main$17 |    00000856  C$main.c$
     00000859  A$main$17 |    0000085A  A$main$17 |    0000085A  C$main.c$
     0000085D  A$main$17 |    0000085D  C$main.c$ |    0000085D  XG$main$0
     00000860  Fmain$__s |    0000086C  _bookmark |    000008CC  _Bookmark
     0000096C  _set_vram |    0000097B  _set_win_ |    00000983  _set_bkg_
     000009AD  _printf   |    00000A70  ___printf |    00000E07  _sprintf 
ASxxxx Linker V03.00 + NoICE + sdld,  page 17.
Hexadecimal  [32-Bits]

Area                       Addr        Size        Decimal Bytes (Attributes)
--------------------       ----        ----        ------- ----- ------------
_HEADER0               00000000    00000001 =           1. bytes (ABS,CON)

        Value  Global            Value  Global            Value  Global    
        -----  ------            -----  ------            -----  ------    
     00000020  .call_hl 
ASxxxx Linker V03.00 + NoICE + sdld,  page 18.
Hexadecimal  [32-Bits]

Area                       Addr        Size        Decimal Bytes (Attributes)
--------------------       ----        ----        ------- ----- ------------
_HEADER1               00000000    00000005 =           5. bytes (ABS,CON)

        Value  Global            Value  Global            Value  Global    
        -----  ------            -----  ------            -----  ------    
     00000028  .MemsetSm
ASxxxx Linker V03.00 + NoICE + sdld,  page 19.
Hexadecimal  [32-Bits]

Area                       Addr        Size        Decimal Bytes (Attributes)
--------------------       ----        ----        ------- ----- ------------
_HEADER2               00000000    00000007 =           7. bytes (ABS,CON)

        Value  Global            Value  Global            Value  Global    
        -----  ------            -----  ------            -----  ------    
     00000030  .MemcpySm
ASxxxx Linker V03.00 + NoICE + sdld,  page 20.
Hexadecimal  [32-Bits]

Area                       Addr        Size        Decimal Bytes (Attributes)
--------------------       ----        ----        ------- ----- ------------
_HEADER3               00000000    00000008 =           8. bytes (ABS,CON)

        Value  Global            Value  Global            Value  Global    
        -----  ------            -----  ------            -----  ------    
ASxxxx Linker V03.00 + NoICE + sdld,  page 21.
Hexadecimal  [32-Bits]

Area                       Addr        Size        Decimal Bytes (Attributes)
--------------------       ----        ----        ------- ----- ------------
_HEADER4               00000000    0000004E =          78. bytes (ABS,CON)

        Value  Global            Value  Global            Value  Global    
        -----  ------            -----  ------            -----  ------    
     00000080  .int      |    0000008F  _wait_int |    0000009C  __standar
     000000AC  _refresh_
ASxxxx Linker V03.00 + NoICE + sdld,  page 22.
Hexadecimal  [32-Bits]

Area                       Addr        Size        Decimal Bytes (Attributes)
--------------------       ----        ----        ------- ----- ------------
_HEADER5               00000000    00000002 =           2. bytes (ABS,CON)

        Value  Global            Value  Global            Value  Global    
        -----  ------            -----  ------            -----  ------    
ASxxxx Linker V03.00 + NoICE + sdld,  page 23.
Hexadecimal  [32-Bits]

Area                       Addr        Size        Decimal Bytes (Attributes)
--------------------       ----        ----        ------- ----- ------------
_HEADER6               00000000    00000030 =          48. bytes (ABS,CON)

        Value  Global            Value  Global            Value  Global    
        -----  ------            -----  ------            -----  ------    
ASxxxx Linker V03.00 + NoICE + sdld,  page 24.
Hexadecimal  [32-Bits]

Area                       Addr        Size        Decimal Bytes (Attributes)
--------------------       ----        ----        ------- ----- ------------
_HEADER7               00000000    00000006 =           6. bytes (ABS,CON)

        Value  Global            Value  Global            Value  Global    
        -----  ------            -----  ------            -----  ------    
ASxxxx Linker V03.00 + NoICE + sdld,  page 25.
Hexadecimal  [32-Bits]

Area                       Addr        Size        Decimal Bytes (Attributes)
--------------------       ----        ----        ------- ----- ------------
_HEADER8               00000000    00000003 =           3. bytes (ABS,CON)

        Value  Global            Value  Global            Value  Global    
        -----  ------            -----  ------            -----  ------    
ASxxxx Linker V03.00 + NoICE + sdld,  page 26.
Hexadecimal  [32-Bits]

Area                       Addr        Size        Decimal Bytes (Attributes)
--------------------       ----        ----        ------- ----- ------------
_HEADER9               00000000    00000001 =           1. bytes (ABS,CON)

        Value  Global            Value  Global            Value  Global    
        -----  ------            -----  ------            -----  ------    
ASxxxx Linker V03.00 + NoICE + sdld,  page 27.
Hexadecimal  [32-Bits]

Area                       Addr        Size        Decimal Bytes (Attributes)
--------------------       ----        ----        ------- ----- ------------
_HEADERa               00000000    00000001 =           1. bytes (ABS,CON)

        Value  Global            Value  Global            Value  Global    
        -----  ------            -----  ------            -----  ------    
ASxxxx Linker V03.00 + NoICE + sdld,  page 28.
Hexadecimal  [32-Bits]

Area                       Addr        Size        Decimal Bytes (Attributes)
--------------------       ----        ----        ------- ----- ------------
_HEADERb               00000000    00000001 =           1. bytes (ABS,CON)

        Value  Global            Value  Global            Value  Global    
        -----  ------            -----  ------            -----  ------    
ASxxxx Linker V03.00 + NoICE + sdld,  page 29.
Hexadecimal  [32-Bits]

Area                       Addr        Size        Decimal Bytes (Attributes)
--------------------       ----        ----        ------- ----- ------------
_HEADERc               00000000    00000002 =           2. bytes (ABS,CON)

        Value  Global            Value  Global            Value  Global    
        -----  ------            -----  ------            -----  ------    
ASxxxx Linker V03.00 + NoICE + sdld,  page 30.
Hexadecimal  [32-Bits]

Area                       Addr        Size        Decimal Bytes (Attributes)
--------------------       ----        ----        ------- ----- ------------
_HEADERd               00000000    00000001 =           1. bytes (ABS,CON)

        Value  Global            Value  Global            Value  Global    
        -----  ------            -----  ------            -----  ------    
ASxxxx Linker V03.00 + NoICE + sdld,  page 31.
Hexadecimal  [32-Bits]

Area                       Addr        Size        Decimal Bytes (Attributes)
--------------------       ----        ----        ------- ----- ------------
_HEADERe               00000000    00000001 =           1. bytes (ABS,CON)

        Value  Global            Value  Global            Value  Global    
        -----  ------            -----  ------            -----  ------    
ASxxxx Linker V03.00 + NoICE + sdld,  page 32.
Hexadecimal  [32-Bits]

Area                       Addr        Size        Decimal Bytes (Attributes)
--------------------       ----        ----        ------- ----- ------------
_HEADERf               00000000    00000002 =           2. bytes (ABS,CON)

        Value  Global            Value  Global            Value  Global    
        -----  ------            -----  ------            -----  ------    
ASxxxx Linker V03.00 + NoICE + sdld,  page 33.
Hexadecimal  [32-Bits]

Area                       Addr        Size        Decimal Bytes (Attributes)
--------------------       ----        ----        ------- ----- ------------
_HEADER10              00000000    00000082 =         130. bytes (ABS,CON)

        Value  Global            Value  Global            Value  Global    
        -----  ------            -----  ------            -----  ------    
     00000150  .reset    |    00000150  _reset    |    00000157  .code_sta
     000001B7  _exit     |    000001BB  _set_inte
ASxxxx Linker V03.00 + NoICE + sdld,  page 34.
Hexadecimal  [32-Bits]

Area                       Addr        Size        Decimal Bytes (Attributes)
--------------------       ----        ----        ------- ----- ------------
_HEADER11              00000000    00000001 =           1. bytes (ABS,CON)

        Value  Global            Value  Global            Value  Global    
        -----  ------            -----  ------            -----  ------    
ASxxxx Linker V03.00 + NoICE + sdld,  page 35.
Hexadecimal  [32-Bits]

Area                       Addr        Size        Decimal Bytes (Attributes)
--------------------       ----        ----        ------- ----- ------------
_HOME                  00000E28    0000102C =        4140. bytes (REL,CON)

        Value  Global            Value  Global            Value  Global    
        -----  ------            -----  ------            -----  ------    
     00000E28  .memset_s |    00000E31  .memcpy_s |    00000E4E  .remove_V
     00000E51  .remove_i |    00000E6E  .add_VBL  |    00000E71  .add_int 
     00000E7C  .wait_vbl |    00000E7C  _wait_vbl |    00000E8C  .display_
     00000E8C  _display_ |    00000EA4  _remove_V |    00000EAF  _add_VBL 
     00000EBA  _font_loa |    00000EC1  font_load |    00000F09  font_copy
     00000F3F  font_set  |    00000F4C  .put_char |    00000F64  .out_char
     00000F6A  .del_char |    00000FC0  _putchar  |    00000FC9  _setchar 
     00000FD2  _font_loa |    00000FE0  _font_set |    00000FEF  _font_ini
     0000100E  .cls      |    0000100E  _cls      |    00001030  _gotoxy  
     0000103B  _posx     |    0000104C  _posy     |    00001074  .cr_curs 
     00001089  .adv_curs |    000010E5  .tmode    |    0000110E  .tmode_ou
     00001117  _set_bkg_ |    00001117  _set_win_ |    0000111F  _set_spri
     00001177  _uitoa    |    00001186  _itoa     |    00001195  .itoa    
     000011A9  .utoa     |    0000121D  _font_spe |    0000159F  __divslon
     00001696  __divulon |    00001718  .padup    |    00001718  _waitpadu
     00001728  .jpad     |    00001728  _joypad   |    00001750  _waitpad 
     00001753  .wait_pad |    0000175A  ___memcpy |    0000175A  _memcpy  
     0000179D  _color    |    0000179D  _set_1bpp |    000017AC  .drawing_
     000017B7  .drawing_ |    000017F3  _add_LCD  |    000017FE  .add_LCD 
     00001804  _remove_L |    0000180F  .remove_L |    00001815  _font_ibm
     00001BC7  _set_tile |    00001BCC  _set_bkg_ |    00001BCC  _set_win_
     00001BD4  _set_spri |    00001C04  __mullong |    00001D8D  _set_bkg_
     00001DA1  __mulsuch |    00001DAB  __mulusch |    00001DB5  __mulscha
     00001DC7  __mulucha |    00001DD3  __mulint  |    00001DF9  .set_xy_w
     00001E02  .set_xy_b |    00001E11  .set_xy_t |    00001E53  ___sdcc_c
ASxxxx Linker V03.00 + NoICE + sdld,  page 36.
Hexadecimal  [32-Bits]

Area                       Addr        Size        Decimal Bytes (Attributes)
--------------------       ----        ----        ------- ----- ------------
_INITIALIZER           00001E54    00000006 =           6. bytes (REL,CON)

        Value  Global            Value  Global            Value  Global    
        -----  ------            -----  ------            -----  ------    
ASxxxx Linker V03.00 + NoICE + sdld,  page 37.
Hexadecimal  [32-Bits]

Area                       Addr        Size        Decimal Bytes (Attributes)
--------------------       ----        ----        ------- ----- ------------
_GSINIT                00001E5A    0000000C =          12. bytes (REL,CON)

        Value  Global            Value  Global            Value  Global    
        -----  ------            -----  ------            -----  ------    
     00001E5A  gsinit   
ASxxxx Linker V03.00 + NoICE + sdld,  page 38.
Hexadecimal  [32-Bits]

Area                       Addr        Size        Decimal Bytes (Attributes)
--------------------       ----        ----        ------- ----- ------------
_GSFINAL               00001E66    00000001 =           1. bytes (REL,CON)

        Value  Global            Value  Global            Value  Global    
        -----  ------            -----  ------            -----  ------    
ASxxxx Linker V03.00 + NoICE + sdld,  page 39.
Hexadecimal  [32-Bits]

Area                       Addr        Size        Decimal Bytes (Attributes)
--------------------       ----        ----        ------- ----- ------------
_DATA                  0000C0A0    000001CB =         459. bytes (REL,CON)

        Value  Global            Value  Global            Value  Global    
        -----  ------            -----  ------            -----  ------    
     0000C0A0  __cpu     |    0000C0A1  __is_GBA  |    0000C0A2  .mode    
     0000C0A3  .sys_time |    0000C0A3  _sys_time |    0000C0A5  .int_0x40
     0000C0B9  G$book_fo |    0000C0B9  _book_fon |    0000C0BB  G$current
     0000C0BB  _current_ |    0000C22B  Fmain$pag |    0000C22D  Fmain$pag
     0000C22F  Fmain$pag |    0000C230  Fmain$pag |    0000C234  Fmain$p_t
     0000C235  Fmain$p_t |    0000C236  G$h_right |    0000C236  _h_right 
     0000C237  G$h_left$ |    0000C237  _h_left   |    0000C238  G$h_a$0_0
     0000C238  _h_a      |    0000C239  G$h_b$0_0 |    0000C239  _h_b     
     0000C23A  G$r_butto |    0000C23A  _r_button |    0000C23B  G$l_butto
     0000C23B  _l_button |    0000C23C  G$a_butto |    0000C23C  _a_button
     0000C23D  G$b_butto |    0000C23D  _b_button |    0000C23E  G$joy$0_0
     0000C23E  _joy      |    0000C23F  G$frame$0 |    0000C23F  _frame   
     0000C240  G$end_p_h |    0000C240  _end_p_he |    0000C241  G$mapped_
     0000C241  _mapped_b |    0000C242  G$i$0_0$0 |    0000C242  _i       
     0000C244  G$forward |    0000C244  _forward  |    0000C245  font_curr
     0000C248  font_firs |    0000C249  font_tabl |    0000C25B  .int_0x48
ASxxxx Linker V03.00 + NoICE + sdld,  page 40.
Hexadecimal  [32-Bits]

Area                       Addr        Size        Decimal Bytes (Attributes)
--------------------       ----        ----        ------- ----- ------------
_INITIALIZED           0000C26B    00000006 =           6. bytes (REL,CON)

        Value  Global            Value  Global            Value  Global    
        -----  ------            -----  ------            -----  ------    
     0000C26B  .curx     |    0000C26C  .cury     |    0000C26D  .fg_colou
     0000C26D  __current |    0000C26E  .bg_colou |    0000C26F  .draw_mod
     0000C270  __map_til
ASxxxx Linker V03.00 + NoICE + sdld,  page 41.
Hexadecimal  [32-Bits]

Area                       Addr        Size        Decimal Bytes (Attributes)
--------------------       ----        ----        ------- ----- ------------
_HRAM12                00000000    00000003 =           3. bytes (ABS,CON)

        Value  Global            Value  Global            Value  Global    
        -----  ------            -----  ------            -----  ------    
     0000FF90  __current |    0000FF92  __shadow_
ASxxxx Linker V03.00 + NoICE + sdld,  page 42.
Hexadecimal  [32-Bits]

Area                       Addr        Size        Decimal Bytes (Attributes)
--------------------       ----        ----        ------- ----- ------------
_CODE_28               001C4000    000029B0 =       10672. bytes (REL,CON)

        Value  Global            Value  Global            Value  Global    
[...]
     000466D0  _page_884 |    00046840  _page_885 |    000469B0  _page_886
ASxxxx Linker V03.00 + NoICE + sdld,  page 66.
Hexadecimal  [32-Bits]

Area                       Addr        Size        Decimal Bytes (Attributes)
--------------------       ----        ----        ------- ----- ------------
_CODE_3                00034000    00002B20 =       11040. bytes (REL,CON)

        Value  Global            Value  Global            Value  Global    
        -----  ------            -----  ------            -----  ------    
     00034000  ___func_g |    00034000  ___func_g |    00034000  ___func_g
     00034000  ___func_g |    00034000  ___func_g |    00034000  ___func_g
     00034000  ___func_g |    00034000  ___func_g |    00034000  ___func_g
     00034000  ___func_g |    00034000  ___func_g |    00034000  ___func_g
     00034000  ___func_g |    00034000  ___func_g |    00034000  ___func_g
     00034000  ___func_g |    00034000  ___func_g |    00034000  ___func_g
     00034000  ___func_g |    00034000  ___func_g |    00034000  ___func_g
     00034000  ___func_g |    00034000  ___func_g |    00034000  ___func_g
     00034000  ___func_g |    00034000  ___func_g |    00034000  ___func_g
     00034000  ___func_g |    00034000  ___func_g |    00034000  ___func_g
     00034000  _page_887 |    00034170  _page_888 |    000342E0  _page_889
     00034450  _page_890 |    000345C0  _page_891 |    00034730  _page_892
     000348A0  _page_893 |    00034A10  _page_894 |    00034B80  _page_895
     00034CF0  _page_896 |    00034E60  _page_897 |    00034FD0  _page_898
     00035140  _page_899 |    000352B0  _page_900 |    00035420  _page_901
     00035590  _page_902 |    00035700  _page_903 |    00035870  _page_904
     000359E0  _page_905 |    00035B50  _page_906 |    00035CC0  _page_907
     00035E30  _page_908 |    00035FA0  _page_909 |    00036110  _page_910
     00036280  _page_911 |    000363F0  _page_912 |    00036560  _page_913
     000366D0  _page_914 |    00036840  _page_915 |    000369B0  _page_916
ASxxxx Linker V03.00 + NoICE + sdld,  page 67.
Hexadecimal  [32-Bits]

Area                       Addr        Size        Decimal Bytes (Attributes)
--------------------       ----        ----        ------- ----- ------------
_CODE_26               001A4000    000029B0 =       10672. bytes (REL,CON)

        Value  Global            Value  Global            Value  Global    
        -----  ------            -----  ------            -----  ------    
     001A4000  ___func_g |    001A4000  ___func_g |    001A4000  ___func_g
     001A4000  ___func_g |    001A4000  ___func_g |    001A4000  ___func_g
     001A4000  ___func_g |    001A4000  ___func_g |    001A4000  ___func_g
     001A4000  ___func_g |    001A4000  ___func_g |    001A4000  ___func_g
     001A4000  ___func_g |    001A4000  ___func_g |    001A4000  ___func_g
     001A4000  ___func_g |    001A4000  ___func_g |    001A4000  ___func_g
     001A4000  ___func_g |    001A4000  ___func_g |    001A4000  ___func_g
     001A4000  ___func_g |    001A4000  ___func_g |    001A4000  ___func_g
     001A4000  ___func_g |    001A4000  ___func_g |    001A4000  ___func_g
     001A4000  ___func_g |    001A4000  ___func_g |    001A4000  _page_917
     001A4170  _page_918 |    001A42E0  _page_919 |    001A4450  _page_920
     001A45C0  _page_921 |    001A4730  _page_922 |    001A48A0  _page_923
     001A4A10  _page_924 |    001A4B80  _page_925 |    001A4CF0  _page_926
     001A4E60  _page_927 |    001A4FD0  _page_928 |    001A5140  _page_929
     001A52B0  _page_930 |    001A5420  _page_931 |    001A5590  _page_932
     001A5700  _page_933 |    001A5870  _page_934 |    001A59E0  _page_935
     001A5B50  _page_936 |    001A5CC0  _page_937 |    001A5E30  _page_938
     001A5FA0  _page_939 |    001A6110  _page_940 |    001A6280  _page_941
     001A63F0  _page_942 |    001A6560  _page_943 |    001A66D0  _page_944
     001A6840  _page_945
ASxxxx Linker V03.00 + NoICE + sdld,  page 68.
Hexadecimal  [32-Bits]

Area                       Addr        Size        Decimal Bytes (Attributes)
--------------------       ----        ----        ------- ----- ------------
_CODE_17               00114000    00002B20 =       11040. bytes (REL,CON)

        Value  Global            Value  Global            Value  Global    
        -----  ------            -----  ------            -----  ------    
     00114000  ___func_g |    00114000  ___func_g |    00114000  ___func_g
     00114000  ___func_g |    00114000  ___func_g |    00114000  ___func_g
     00114000  ___func_g |    00114000  ___func_g |    00114000  ___func_g
     00114000  ___func_g |    00114000  ___func_g |    00114000  ___func_g
     00114000  ___func_g |    00114000  ___func_g |    00114000  ___func_g
     00114000  ___func_g |    00114000  ___func_g |    00114000  ___func_g
     00114000  ___func_g |    00114000  ___func_g |    00114000  ___func_g
     00114000  ___func_g |    00114000  ___func_g |    00114000  ___func_g
     00114000  ___func_g |    00114000  ___func_g |    00114000  ___func_g
     00114000  ___func_g |    00114000  ___func_g |    00114000  ___func_g
     00114000  _page_89  |    00114170  _page_90  |    001142E0  _page_91 
     00114450  _page_92  |    001145C0  _page_93  |    00114730  _page_94 
     001148A0  _page_95  |    00114A10  _page_96  |    00114B80  _page_97 
     00114CF0  _page_98  |    00114E60  _page_99  |    00114FD0  _page_100
     00115140  _page_101 |    001152B0  _page_102 |    00115420  _page_103
     00115590  _page_104 |    00115700  _page_105 |    00115870  _page_106
     001159E0  _page_107 |    00115B50  _page_108 |    00115CC0  _page_109
     00115E30  _page_110 |    00115FA0  _page_111 |    00116110  _page_112
     00116280  _page_113 |    001163F0  _page_114 |    00116560  _page_115
     001166D0  _page_116 |    00116840  _page_117 |    001169B0  _page_118
ASxxxx Linker V03.00 + NoICE + sdld,  page 69.
Hexadecimal  [32-Bits]

Area                       Addr        Size        Decimal Bytes (Attributes)
--------------------       ----        ----        ------- ----- ------------
_CODE_29               001D4000    000029B0 =       10672. bytes (REL,CON)

        Value  Global            Value  Global            Value  Global    
        -----  ------            -----  ------            -----  ------    
     001D4000  ___func_g |    001D4000  ___func_g |    001D4000  ___func_g
     001D4000  ___func_g |    001D4000  ___func_g |    001D4000  ___func_g
     001D4000  ___func_g |    001D4000  ___func_g |    001D4000  ___func_g
     001D4000  ___func_g |    001D4000  ___func_g |    001D4000  ___func_g
     001D4000  ___func_g |    001D4000  ___func_g |    001D4000  ___func_g
     001D4000  ___func_g |    001D4000  ___func_g |    001D4000  ___func_g
     001D4000  ___func_g |    001D4000  ___func_g |    001D4000  ___func_g
     001D4000  ___func_g |    001D4000  ___func_g |    001D4000  ___func_g
     001D4000  ___func_g |    001D4000  ___func_g |    001D4000  ___func_g
     001D4000  ___func_g |    001D4000  ___func_g |    001D4000  _page_119
     001D4170  _page_120 |    001D42E0  _page_121 |    001D4450  _page_122
     001D45C0  _page_123 |    001D4730  _page_124 |    001D48A0  _page_125
     001D4A10  _page_126 |    001D4B80  _page_127 |    001D4CF0  _page_128
     001D4E60  _page_129 |    001D4FD0  _page_130 |    001D5140  _page_131
     001D52B0  _page_132 |    001D5420  _page_133 |    001D5590  _page_134
     001D5700  _page_135 |    001D5870  _page_136 |    001D59E0  _page_137
     001D5B50  _page_138 |    001D5CC0  _page_139 |    001D5E30  _page_140
     001D5FA0  _page_141 |    001D6110  _page_142 |    001D6280  _page_143
     001D63F0  _page_144 |    001D6560  _page_145 |    001D66D0  _page_146
     001D6840  _page_147
ASxxxx Linker V03.00 + NoICE + sdld,  page 70.
Hexadecimal  [32-Bits]

Area                       Addr        Size        Decimal Bytes (Attributes)
--------------------       ----        ----        ------- ----- ------------
_CODE_30               001E4000    000029B0 =       10672. bytes (REL,CON)

        Value  Global            Value  Global            Value  Global    
        -----  ------            -----  ------            -----  ------    
     001E4000  ___func_g |    001E4000  ___func_g |    001E4000  ___func_g
     001E4000  ___func_g |    001E4000  ___func_g |    001E4000  ___func_g
     001E4000  ___func_g |    001E4000  ___func_g |    001E4000  ___func_g
     001E4000  ___func_g |    001E4000  ___func_g |    001E4000  ___func_g
     001E4000  ___func_g |    001E4000  ___func_g |    001E4000  ___func_g
     001E4000  ___func_g |    001E4000  ___func_g |    001E4000  ___func_g
     001E4000  ___func_g |    001E4000  ___func_g |    001E4000  ___func_g
     001E4000  ___func_g |    001E4000  ___func_g |    001E4000  ___func_g
     001E4000  ___func_g |    001E4000  ___func_g |    001E4000  ___func_g
     001E4000  ___func_g |    001E4000  ___func_g |    001E4000  _page_148
     001E4170  _page_149 |    001E42E0  _page_150 |    001E4450  _page_151
     001E45C0  _page_152 |    001E4730  _page_153 |    001E48A0  _page_154
     001E4A10  _page_155 |    001E4B80  _page_156 |    001E4CF0  _page_157
     001E4E60  _page_158 |    001E4FD0  _page_159 |    001E5140  _page_160
     001E52B0  _page_161 |    001E5420  _page_162 |    001E5590  _page_163
     001E5700  _page_164 |    001E5870  _page_165 |    001E59E0  _page_166
     001E5B50  _page_167 |    001E5CC0  _page_168 |    001E5E30  _page_169
     001E5FA0  _page_170 |    001E6110  _page_171 |    001E6280  _page_172
     001E63F0  _page_173 |    001E6560  _page_174 |    001E66D0  _page_175
     001E6840  _page_176
ASxxxx Linker V03.00 + NoICE + sdld,  page 71.
Hexadecimal  [32-Bits]

Area                       Addr        Size        Decimal Bytes (Attributes)
--------------------       ----        ----        ------- ----- ------------
_CODE_31               001F4000    000029B0 =       10672. bytes (REL,CON)

        Value  Global            Value  Global            Value  Global    
        -----  ------            -----  ------            -----  ------    
     001F4000  ___func_g |    001F4000  ___func_g |    001F4000  ___func_g
     001F4000  ___func_g |    001F4000  ___func_g |    001F4000  ___func_g
     001F4000  ___func_g |    001F4000  ___func_g |    001F4000  ___func_g
     001F4000  ___func_g |    001F4000  ___func_g |    001F4000  ___func_g
     001F4000  ___func_g |    001F4000  ___func_g |    001F4000  ___func_g
     001F4000  ___func_g |    001F4000  ___func_g |    001F4000  ___func_g
     001F4000  ___func_g |    001F4000  ___func_g |    001F4000  ___func_g
     001F4000  ___func_g |    001F4000  ___func_g |    001F4000  ___func_g
     001F4000  ___func_g |    001F4000  ___func_g |    001F4000  ___func_g
     001F4000  ___func_g |    001F4000  ___func_g |    001F4000  _page_177
     001F4170  _page_178 |    001F42E0  _page_179 |    001F4450  _page_180
     001F45C0  _page_181 |    001F4730  _page_182 |    001F48A0  _page_183
     001F4A10  _page_184 |    001F4B80  _page_185 |    001F4CF0  _page_186
     001F4E60  _page_187 |    001F4FD0  _page_188 |    001F5140  _page_189
     001F52B0  _page_190 |    001F5420  _page_191 |    001F5590  _page_192
     001F5700  _page_193 |    001F5870  _page_194 |    001F59E0  _page_195
     001F5B50  _page_196 |    001F5CC0  _page_197 |    001F5E30  _page_198
     001F5FA0  _page_199 |    001F6110  _page_200 |    001F6280  _page_201
     001F63F0  _page_202 |    001F6560  _page_203 |    001F66D0  _page_204
     001F6840  _page_205
ASxxxx Linker V03.00 + NoICE + sdld,  page 72.
Hexadecimal  [32-Bits]

Area                       Addr        Size        Decimal Bytes (Attributes)
--------------------       ----        ----        ------- ----- ------------
_CODE_27               001B4000    000029B0 =       10672. bytes (REL,CON)

        Value  Global            Value  Global            Value  Global    
        -----  ------            -----  ------            -----  ------    
     001B4000  ___func_g |    001B4000  ___func_g |    001B4000  ___func_g
     001B4000  ___func_g |    001B4000  ___func_g |    001B4000  ___func_g
     001B4000  ___func_g |    001B4000  ___func_g |    001B4000  ___func_g
     001B4000  ___func_g |    001B4000  ___func_g |    001B4000  ___func_g
     001B4000  ___func_g |    001B4000  ___func_g |    001B4000  ___func_g
     001B4000  ___func_g |    001B4000  ___func_g |    001B4000  ___func_g
     001B4000  ___func_g |    001B4000  ___func_g |    001B4000  ___func_g
     001B4000  ___func_g |    001B4000  ___func_g |    001B4000  ___func_g
     001B4000  ___func_g |    001B4000  ___func_g |    001B4000  ___func_g
     001B4000  ___func_g |    001B4000  ___func_g |    001B4000  _page_206
     001B4170  _page_207 |    001B42E0  _page_208 |    001B4450  _page_209
     001B45C0  _page_210 |    001B4730  _page_211 |    001B48A0  _page_212
     001B4A10  _page_213 |    001B4B80  _page_214 |    001B4CF0  _page_215
     001B4E60  _page_216 |    001B4FD0  _page_217 |    001B5140  _page_218
     001B52B0  _page_219 |    001B5420  _page_220 |    001B5590  _page_221
     001B5700  _page_222 |    001B5870  _page_223 |    001B59E0  _page_224
     001B5B50  _page_225 |    001B5CC0  _page_226 |    001B5E30  _page_227
     001B5FA0  _page_228 |    001B6110  _page_229 |    001B6280  _page_230
     001B63F0  _page_231 |    001B6560  _page_232 |    001B66D0  _page_233
     001B6840  _page_234
ASxxxx Linker V03.00 + NoICE + sdld,  page 73.
Hexadecimal  [32-Bits]

Area                       Addr        Size        Decimal Bytes (Attributes)
--------------------       ----        ----        ------- ----- ------------
_CODE_32               00204000    000029B0 =       10672. bytes (REL,CON)

        Value  Global            Value  Global            Value  Global    
        -----  ------            -----  ------            -----  ------    
     00204000  ___func_g |    00204000  ___func_g |    00204000  ___func_g
     00204000  ___func_g |    00204000  ___func_g |    00204000  ___func_g
     00204000  ___func_g |    00204000  ___func_g |    00204000  ___func_g
     00204000  ___func_g |    00204000  ___func_g |    00204000  ___func_g
     00204000  ___func_g |    00204000  ___func_g |    00204000  ___func_g
     00204000  ___func_g |    00204000  ___func_g |    00204000  ___func_g
     00204000  ___func_g |    00204000  ___func_g |    00204000  ___func_g
     00204000  ___func_g |    00204000  ___func_g |    00204000  ___func_g
     00204000  ___func_g |    00204000  ___func_g |    00204000  ___func_g
     00204000  ___func_g |    00204000  ___func_g |    00204000  _page_235
     00204170  _page_236 |    002042E0  _page_237 |    00204450  _page_238
     002045C0  _page_239 |    00204730  _page_240 |    002048A0  _page_241
     00204A10  _page_242 |    00204B80  _page_243 |    00204CF0  _page_244
     00204E60  _page_245 |    00204FD0  _page_246 |    00205140  _page_247
     002052B0  _page_248 |    00205420  _page_249 |    00205590  _page_250
     00205700  _page_251 |    00205870  _page_252 |    002059E0  _page_253
     00205B50  _page_254 |    00205CC0  _page_255 |    00205E30  _page_256
     00205FA0  _page_257 |    00206110  _page_258 |    00206280  _page_259
     002063F0  _page_260 |    00206560  _page_261 |    002066D0  _page_262
     00206840  _page_263
ASxxxx Linker V03.00 + NoICE + sdld,  page 74.
Hexadecimal  [32-Bits]

Area                       Addr        Size        Decimal Bytes (Attributes)
--------------------       ----        ----        ------- ----- ------------
_FONT_HEADER0          00000000    00000003 =           3. bytes (ABS,CON)

        Value  Global            Value  Global            Value  Global    
        -----  ------            -----  ------            -----  ------    
ASxxxx Linker V03.00 + NoICE + sdld,  page 75.
Hexadecimal  [32-Bits]

Area                       Addr        Size        Decimal Bytes (Attributes)
--------------------       ----        ----        ------- ----- ------------
_HEADER_LCD0           00000000    00000003 =           3. bytes (ABS,CON)

        Value  Global            Value  Global            Value  Global    
        -----  ------            -----  ------            -----  ------    
ASxxxx Linker V03.00 + NoICE + sdld,  page 76.

Files Linked                              [ module(s) ]

C:\gbdk\lib/small/asxxxx/gb/crt0.o        [ Runtime ]
obj/main.rel                              [ main ]
obj/bookmark.rel                          [ bookmark ]
obj/Bookmark_tiles.rel                    [ Bookmark_tiles ]
obj/gatsby1.rel                           [ gatsby1 ]
obj/gatsby10.rel                          [ gatsby10 ]
obj/gatsby11.rel                          [ gatsby11 ]
obj/gatsby12.rel                          [ gatsby12 ]
obj/gatsby13.rel                          [ gatsby13 ]
obj/gatsby14.rel                          [ gatsby14 ]
obj/gatsby15.rel                          [ gatsby15 ]
obj/gatsby16.rel                          [ gatsby16 ]
obj/gatsby17.rel                          [ gatsby17 ]
obj/gatsby18.rel                          [ gatsby18 ]
obj/gatsby19.rel                          [ gatsby19 ]
obj/gatsby2.rel                           [ gatsby2 ]
obj/gatsby20.rel                          [ gatsby20 ]
obj/gatsby21.rel                          [ gatsby21 ]
obj/gatsby22.rel                          [ gatsby22 ]
obj/gatsby23.rel                          [ gatsby23 ]
obj/gatsby24.rel                          [ gatsby24 ]
obj/gatsby25.rel                          [ gatsby25 ]
obj/gatsby26.rel                          [ gatsby26 ]
obj/gatsby27.rel                          [ gatsby27 ]
obj/gatsby28.rel                          [ gatsby28 ]
obj/gatsby29.rel                          [ gatsby29 ]
obj/gatsby3.rel                           [ gatsby3 ]
obj/gatsby30.rel                          [ gatsby30 ]
obj/gatsby31.rel                          [ gatsby31 ]
obj/gatsby32.rel                          [ gatsby32 ]
obj/gatsby33.rel                          [ gatsby33 ]
obj/gatsby4.rel                           [ gatsby4 ]
obj/gatsby5.rel                           [ gatsby5 ]
obj/gatsby6.rel                           [ gatsby6 ]
obj/gatsby7.rel                           [ gatsby7 ]
obj/gatsby8.rel                           [ gatsby8 ]
obj/gatsby9.rel                           [ gatsby9 ]


Libraries Linked                          [ object file ]

C:\gbdk\lib/small/asxxxx/gb/gb.lib        [ font.o ]
C:\gbdk\lib/small/asxxxx/gb/gb.lib        [ sfr.o ]
C:\gbdk\lib/small/asxxxx/gb/gb.lib        [ set_1bit_data.o ]
C:\gbdk\lib/small/asxxxx/gbz80/gbz80.lib  [ itoa.o ]
C:\gbdk\lib/small/asxxxx/gb/gb.lib        [ f_spect.o ]
C:\gbdk\lib/small/asxxxx/gb/gb.lib        [ set_tile.o ]
C:\gbdk\lib/small/asxxxx/gbz80/gbz80.lib  [ _divslong.o ]
C:\gbdk\lib/small/asxxxx/gbz80/gbz80.lib  [ _divulong.o ]
C:\gbdk\lib/small/asxxxx/gb/gb.lib        [ pad.o ]
C:\gbdk\lib/small/asxxxx/gbz80/gbz80.lib  [ _memcpy.o ]
C:\gbdk\lib/small/asxxxx/gb/gb.lib        [ color.o ]
C:\gbdk\lib/small/asxxxx/gb/gb.lib        [ drawing_isr.o ]
C:\gbdk\lib/small/asxxxx/gb/gb.lib        [ lcd.o ]
C:\gbdk\lib/small/asxxxx/gb/gb.lib        [ f_ibm_sh.o ]
C:\gbdk\lib/small/asxxxx/gbz80/gbz80.lib  [ printf.o ]
C:\gbdk\lib/small/asxxxx/gb/gb.lib        [ set_data.o ]
C:\gbdk\lib/small/asxxxx/gbz80/gbz80.lib  [ _mullong.o ]
C:\gbdk\lib/small/asxxxx/gb/gb.lib        [ set_bk_t.o ]
C:\gbdk\lib/small/asxxxx/gbz80/gbz80.lib  [ mul.o ]
C:\gbdk\lib/small/asxxxx/gbz80/gbz80.lib  [ sprintf.o ]
C:\gbdk\lib/small/asxxxx/gb/gb.lib        [ set_xy_t.o ]
C:\gbdk\lib/small/asxxxx/gbz80/gbz80.lib  [ __sdcc_call_hl.o ]

ASxxxx Linker V03.00 + NoICE + sdld,  page 77.

User Base Address Definitions

_DATA=0xC0A0
_CODE=0x0200
ASxxxx Linker V03.00 + NoICE + sdld,  page 78.

User Global Definitions

_shadow_OAM=0xC000
.STACK=0xE000
.refresh_OAM=0xFF80

